103.75.85.132 - - [17/Jul/2025:16:17:52 +0300 - 0.000] 502 "GET / HTTP/2.0" 1135 "https://nasha-set.ru" "Mozilla/5.0 (Windows NT 10.0; Win64; x64) AppleWebKit/537.36 (KHTML, like Gecko) Chrome/101.0.4951.26 Safari/537.36 Edg/101.0.1210.14" "103.75.85.132"
65.21.193.198 - - [17/Jul/2025:16:17:51 +0300 - 0.000] 502 "GET / HTTP/2.0" 1135 "https://nasha-set.ru" "Mozilla/5.0 (Windows NT 10.0; Win64; x64) AppleWebKit/537.36 (KHTML, like Gecko)" "65.21.193.198"
103.75.85.132 - - [17/Jul/2025:16:17:52 +0300 - 0.000] 502 "GET / HTTP/2.0" 1135 "https://nasha-set.ru" "Mozilla/5.0 (Windows NT 10.0; Win64; x64) AppleWebKit/537.36 (KHTML, like Gecko) Chrome/101.0.4951.26 Safari/537.36 Edg/101.0.1210.14" "103.75.85.132"
65.21.193.198 - - [17/Jul/2025:16:17:51 +0300 - 0.000] 502 "GET / HTTP/2.0" 1135 "https://nasha-set.ru" "Mozilla/5.0 (Windows NT 10.0; Win64; x64) AppleWebKit/537.36 (KHTML, like Gecko)" "65.21.193.198"
65.21.193.198 - - [17/Jul/2025:16:17:51 +0300 - 0.000] 502 "GET / HTTP/2.0" 1135 "https://nasha-set.ru" "Mozilla/5.0 (Windows NT 10.0; Win64; x64) AppleWebKit/537.36 (KHTML, like Gecko)" "65.21.193.198"
103.220.23.107 - - [17/Jul/2025:16:17:50 +0300 - 0.000] 502 "GET / HTTP/2.0" 1135 "https://nasha-set.ru" "Mozilla/5.0 (Windows NT 10.0; Win64; x64) AppleWebKit/537.36 (KHTML, like Gecko) Chrome/98.0.4758.102 Safari/537.36 Edg/98.0.1108.62" "103.220.23.107"
106.198.28.67 - - [17/Jul/2025:16:17:50 +0300 - 0.000] 502 "GET / HTTP/2.0" 1135 "https://nasha-set.ru" "Mozilla/5.0 (Windows NT 10.0; Win64; x64) AppleWebKit/537.36 (KHTML, like Gecko) Chrome/98.0.4758.102 Safari/537.36 Edg/98.0.1108.62" "14.143.222.113"
46.36.123.66 - - [17/Jul/2025:16:17:52 +0300 - 0.000] 502 "GET / HTTP/2.0" 1135 "https://nasha-set.ru" "Mozilla/5.0 (Windows NT 10.0; Win64; x64; rv:100.0) Gecko/20100101 Firefox/100.0" "46.36.123.69"
103.220.23.107 - - [17/Jul/2025:16:17:50 +0300 - 0.000] 502 "GET / HTTP/2.0" 1135 "https://nasha-set.ru" "Mozilla/5.0 (Windows NT 10.0; Win64; x64) AppleWebKit/537.36 (KHTML, like Gecko) Chrome/98.0.4758.102 Safari/537.36 Edg/98.0.1108.62" "103.220.23.107"
106.198.28.67 - - [17/Jul/2025:16:17:50 +0300 - 0.000] 502 "GET / HTTP/2.0" 1135 "https://nasha-set.ru" "Mozilla/5.0 (Windows NT 10.0; Win64; x64) AppleWebKit/537.36 (KHTML, like Gecko) Chrome/98.0.4758.102 Safari/537.36 Edg/98.0.1108.62" "14.143.222.113"
49.0.33.195 - - [17/Jul/2025:16:17:51 +0300 - 0.000] 502 "GET / HTTP/2.0" 0 "https://nasha-set.ru" "Mozilla/5.0 (Windows NT 10.0; Win64; x64) AppleWebKit/537.36 (KHTML, like Gecko) Chrome/57.0.2987.133 Safari/537.36" "134.73.19.188"
49.0.33.195 - - [17/Jul/2025:16:17:51 +0300 - 0.000] 502 "GET / HTTP/2.0" 0 "https://nasha-set.ru" "Mozilla/5.0 (Windows NT 10.0; Win64; x64) AppleWebKit/537.36 (KHTML, like Gecko) Chrome/57.0.2987.133 Safari/537.36" "134.73.19.188"
49.0.33.195 - - [17/Jul/2025:16:17:51 +0300 - 0.000] 502 "GET / HTTP/2.0" 0 "https://nasha-set.ru" "Mozilla/5.0 (Windows NT 10.0; Win64; x64) AppleWebKit/537.36 (KHTML, like Gecko) Chrome/57.0.2987.133 Safari/537.36" "134.73.19.188"
49.0.33.195 - - [17/Jul/2025:16:17:51 +0300 - 0.000] 502 "GET / HTTP/2.0" 0 "https://nasha-set.ru" "Mozilla/5.0 (Windows NT 10.0; Win64; x64) AppleWebKit/537.36 (KHTML, like Gecko) Chrome/57.0.2987.133 Safari/537.36" "134.73.19.188"
49.0.33.195 - - [17/Jul/2025:16:17:51 +0300 - 0.000] 502 "GET / HTTP/2.0" 0 "https://nasha-set.ru" "Mozilla/5.0 (Windows NT 10.0; Win64; x64) AppleWebKit/537.36 (KHTML, like Gecko) Chrome/57.0.2987.133 Safari/537.36" "134.73.19.188"
49.0.33.195 - - [17/Jul/2025:16:17:51 +0300 - 0.000] 502 "GET / HTTP/2.0" 0 "https://nasha-set.ru" "Mozilla/5.0 (Windows NT 10.0; Win64; x64) AppleWebKit/537.36 (KHTML, like Gecko) Chrome/57.0.2987.133 Safari/537.36" "134.73.19.188"
49.0.33.195 - - [17/Jul/2025:16:17:51 +0300 - 0.000] 502 "GET / HTTP/2.0" 0 "https://nasha-set.ru" "Mozilla/5.0 (Windows NT 10.0; Win64; x64) AppleWebKit/537.36 (KHTML, like Gecko) Chrome/57.0.2987.133 Safari/537.36" "134.73.19.188"
49.0.33.195 - - [17/Jul/2025:16:17:51 +0300 - 0.000] 502 "GET / HTTP/2.0" 0 "https://nasha-set.ru" "Mozilla/5.0 (Windows NT 10.0; Win64; x64) AppleWebKit/537.36 (KHTML, like Gecko) Chrome/57.0.2987.133 Safari/537.36" "134.73.19.188"
49.0.33.195 - - [17/Jul/2025:16:17:51 +0300 - 0.000] 502 "GET / HTTP/2.0" 0 "https://nasha-set.ru" "Mozilla/5.0 (Windows NT 10.0; Win64; x64) AppleWebKit/537.36 (KHTML, like Gecko) Chrome/57.0.2987.133 Safari/537.36" "134.73.19.188"
49.0.33.195 - - [17/Jul/2025:16:17:51 +0300 - 0.000] 502 "GET / HTTP/2.0" 0 "https://nasha-set.ru" "Mozilla/5.0 (Windows NT 10.0; Win64; x64) AppleWebKit/537.36 (KHTML, like Gecko) Chrome/57.0.2987.133 Safari/537.36" "134.73.19.188"
49.0.33.195 - - [17/Jul/2025:16:17:51 +0300 - 0.000] 502 "GET / HTTP/2.0" 0 "https://nasha-set.ru" "Mozilla/5.0 (Windows NT 10.0; Win64; x64) AppleWebKit/537.36 (KHTML, like Gecko) Chrome/57.0.2987.133 Safari/537.36" "134.73.19.188"
49.0.33.195 - - [17/Jul/2025:16:17:51 +0300 - 0.000] 502 "GET / HTTP/2.0" 0 "https://nasha-set.ru" "Mozilla/5.0 (Windows NT 10.0; Win64; x64) AppleWebKit/537.36 (KHTML, like Gecko) Chrome/57.0.2987.133 Safari/537.36" "134.73.19.188"
49.0.33.195 - - [17/Jul/2025:16:17:51 +0300 - 0.000] 502 "GET / HTTP/2.0" 0 "https://nasha-set.ru" "Mozilla/5.0 (Windows NT 10.0; Win64; x64) AppleWebKit/537.36 (KHTML, like Gecko) Chrome/57.0.2987.133 Safari/537.36" "134.73.19.188"
49.0.33.195 - - [17/Jul/2025:16:17:51 +0300 - 0.000] 502 "GET / HTTP/2.0" 0 "https://nasha-set.ru" "Mozilla/5.0 (Windows NT 10.0; Win64; x64) AppleWebKit/537.36 (KHTML, like Gecko) Chrome/57.0.2987.133 Safari/537.36" "134.73.19.188"
49.0.33.195 - - [17/Jul/2025:16:17:51 +0300 - 0.000] 502 "GET / HTTP/2.0" 0 "https://nasha-set.ru" "Mozilla/5.0 (Windows NT 10.0; Win64; x64) AppleWebKit/537.36 (KHTML, like Gecko) Chrome/57.0.2987.133 Safari/537.36" "134.73.19.188"
49.0.33.195 - - [17/Jul/2025:16:17:51 +0300 - 0.000] 502 "GET / HTTP/2.0" 0 "https://nasha-set.ru" "Mozilla/5.0 (Windows NT 10.0; Win64; x64) AppleWebKit/537.36 (KHTML, like Gecko) Chrome/57.0.2987.133 Safari/537.36" "134.73.19.188"
49.0.33.195 - - [17/Jul/2025:16:17:51 +0300 - 0.000] 502 "GET / HTTP/2.0" 0 "https://nasha-set.ru" "Mozilla/5.0 (Windows NT 10.0; Win64; x64) AppleWebKit/537.36 (KHTML, like Gecko) Chrome/57.0.2987.133 Safari/537.36" "134.73.19.188"
49.0.33.195 - - [17/Jul/2025:16:17:51 +0300 - 0.000] 502 "GET / HTTP/2.0" 0 "https://nasha-set.ru" "Mozilla/5.0 (Windows NT 10.0; Win64; x64) AppleWebKit/537.36 (KHTML, like Gecko) Chrome/57.0.2987.133 Safari/537.36" "134.73.19.188"
49.0.33.195 - - [17/Jul/2025:16:17:51 +0300 - 0.000] 502 "GET / HTTP/2.0" 0 "https://nasha-set.ru" "Mozilla/5.0 (Windows NT 10.0; Win64; x64) AppleWebKit/537.36 (KHTML, like Gecko) Chrome/57.0.2987.133 Safari/537.36" "134.73.19.188"
49.0.33.195 - - [17/Jul/2025:16:17:51 +0300 - 0.000] 502 "GET / HTTP/2.0" 0 "https://nasha-set.ru" "Mozilla/5.0 (Windows NT 10.0; Win64; x64) AppleWebKit/537.36 (KHTML, like Gecko) Chrome/57.0.2987.133 Safari/537.36" "134.73.19.188"
49.0.33.195 - - [17/Jul/2025:16:17:51 +0300 - 0.000] 502 "GET / HTTP/2.0" 0 "https://nasha-set.ru" "Mozilla/5.0 (Windows NT 10.0; Win64; x64) AppleWebKit/537.36 (KHTML, like Gecko) Chrome/57.0.2987.133 Safari/537.36" "134.73.19.188"
49.0.33.195 - - [17/Jul/2025:16:17:51 +0300 - 0.000] 502 "GET / HTTP/2.0" 0 "https://nasha-set.ru" "Mozilla/5.0 (Windows NT 10.0; Win64; x64) AppleWebKit/537.36 (KHTML, like Gecko) Chrome/57.0.2987.133 Safari/537.36" "134.73.19.188"
49.0.33.195 - - [17/Jul/2025:16:17:51 +0300 - 0.000] 502 "GET / HTTP/2.0" 0 "https://nasha-set.ru" "Mozilla/5.0 (Windows NT 10.0; Win64; x64) AppleWebKit/537.36 (KHTML, like Gecko) Chrome/57.0.2987.133 Safari/537.36" "134.73.19.188"
49.0.33.195 - - [17/Jul/2025:16:17:51 +0300 - 0.000] 502 "GET / HTTP/2.0" 0 "https://nasha-set.ru" "Mozilla/5.0 (Windows NT 10.0; Win64; x64) AppleWebKit/537.36 (KHTML, like Gecko) Chrome/57.0.2987.133 Safari/537.36" "134.73.19.188"
49.0.33.195 - - [17/Jul/2025:16:17:51 +0300 - 0.000] 502 "GET / HTTP/2.0" 0 "https://nasha-set.ru" "Mozilla/5.0 (Windows NT 10.0; Win64; x64) AppleWebKit/537.36 (KHTML, like Gecko) Chrome/57.0.2987.133 Safari/537.36" "134.73.19.188"
49.0.33.195 - - [17/Jul/2025:16:17:51 +0300 - 0.000] 502 "GET / HTTP/2.0" 0 "https://nasha-set.ru" "Mozilla/5.0 (Windows NT 10.0; Win64; x64) AppleWebKit/537.36 (KHTML, like Gecko) Chrome/57.0.2987.133 Safari/537.36" "134.73.19.188"
49.0.33.195 - - [17/Jul/2025:16:17:51 +0300 - 0.000] 502 "GET / HTTP/2.0" 0 "https://nasha-set.ru" "Mozilla/5.0 (Windows NT 10.0; Win64; x64) AppleWebKit/537.36 (KHTML, like Gecko) Chrome/57.0.2987.133 Safari/537.36" "134.73.19.188"
49.0.33.195 - - [17/Jul/2025:16:17:51 +0300 - 0.000] 502 "GET / HTTP/2.0" 0 "https://nasha-set.ru" "Mozilla/5.0 (Windows NT 10.0; Win64; x64) AppleWebKit/537.36 (KHTML, like Gecko) Chrome/57.0.2987.133 Safari/537.36" "134.73.19.188"
49.0.33.195 - - [17/Jul/2025:16:17:51 +0300 - 0.000] 502 "GET / HTTP/2.0" 0 "https://nasha-set.ru" "Mozilla/5.0 (Windows NT 10.0; Win64; x64) AppleWebKit/537.36 (KHTML, like Gecko) Chrome/57.0.2987.133 Safari/537.36" "134.73.19.188"
49.0.33.195 - - [17/Jul/2025:16:17:51 +0300 - 0.000] 502 "GET / HTTP/2.0" 0 "https://nasha-set.ru" "Mozilla/5.0 (Windows NT 10.0; Win64; x64) AppleWebKit/537.36 (KHTML, like Gecko) Chrome/57.0.2987.133 Safari/537.36" "134.73.19.188"
49.0.33.195 - - [17/Jul/2025:16:17:51 +0300 - 0.000] 502 "GET / HTTP/2.0" 0 "https://nasha-set.ru" "Mozilla/5.0 (Windows NT 10.0; Win64; x64) AppleWebKit/537.36 (KHTML, like Gecko) Chrome/57.0.2987.133 Safari/537.36" "134.73.19.188"
49.0.33.195 - - [17/Jul/2025:16:17:51 +0300 - 0.000] 502 "GET / HTTP/2.0" 0 "https://nasha-set.ru" "Mozilla/5.0 (Windows NT 10.0; Win64; x64) AppleWebKit/537.36 (KHTML, like Gecko) Chrome/57.0.2987.133 Safari/537.36" "134.73.19.188"
49.0.33.195 - - [17/Jul/2025:16:17:51 +0300 - 0.000] 502 "GET / HTTP/2.0" 0 "https://nasha-set.ru" "Mozilla/5.0 (Windows NT 10.0; Win64; x64) AppleWebKit/537.36 (KHTML, like Gecko) Chrome/57.0.2987.133 Safari/537.36" "134.73.19.188"
49.0.33.195 - - [17/Jul/2025:16:17:51 +0300 - 0.000] 502 "GET / HTTP/2.0" 0 "https://nasha-set.ru" "Mozilla/5.0 (Windows NT 10.0; Win64; x64) AppleWebKit/537.36 (KHTML, like Gecko) Chrome/57.0.2987.133 Safari/537.36" "134.73.19.188"
49.0.33.195 - - [17/Jul/2025:16:17:51 +0300 - 0.000] 502 "GET / HTTP/2.0" 0 "https://nasha-set.ru" "Mozilla/5.0 (Windows NT 10.0; Win64; x64) AppleWebKit/537.36 (KHTML, like Gecko) Chrome/57.0.2987.133 Safari/537.36" "134.73.19.188"
49.0.33.195 - - [17/Jul/2025:16:17:51 +0300 - 0.000] 502 "GET / HTTP/2.0" 0 "https://nasha-set.ru" "Mozilla/5.0 (Windows NT 10.0; Win64; x64) AppleWebKit/537.36 (KHTML, like Gecko) Chrome/57.0.2987.133 Safari/537.36" "134.73.19.188"
49.0.33.195 - - [17/Jul/2025:16:17:51 +0300 - 0.000] 502 "GET / HTTP/2.0" 0 "https://nasha-set.ru" "Mozilla/5.0 (Windows NT 10.0; Win64; x64) AppleWebKit/537.36 (KHTML, like Gecko) Chrome/57.0.2987.133 Safari/537.36" "134.73.19.188"
49.0.33.195 - - [17/Jul/2025:16:17:51 +0300 - 0.000] 502 "GET / HTTP/2.0" 0 "https://nasha-set.ru" "Mozilla/5.0 (Windows NT 10.0; Win64; x64) AppleWebKit/537.36 (KHTML, like Gecko) Chrome/57.0.2987.133 Safari/537.36" "134.73.19.188"
49.0.33.195 - - [17/Jul/2025:16:17:51 +0300 - 0.000] 502 "GET / HTTP/2.0" 0 "https://nasha-set.ru" "Mozilla/5.0 (Windows NT 10.0; Win64; x64) AppleWebKit/537.36 (KHTML, like Gecko) Chrome/57.0.2987.133 Safari/537.36" "134.73.19.188"
49.0.33.195 - - [17/Jul/2025:16:17:51 +0300 - 0.000] 502 "GET / HTTP/2.0" 0 "https://nasha-set.ru" "Mozilla/5.0 (Windows NT 10.0; Win64; x64) AppleWebKit/537.36 (KHTML, like Gecko) Chrome/57.0.2987.133 Safari/537.36" "134.73.19.188"
49.0.33.195 - - [17/Jul/2025:16:17:51 +0300 - 0.000] 502 "GET / HTTP/2.0" 0 "https://nasha-set.ru" "Mozilla/5.0 (Windows NT 10.0; Win64; x64) AppleWebKit/537.36 (KHTML, like Gecko) Chrome/57.0.2987.133 Safari/537.36" "134.73.19.188"
49.0.33.195 - - [17/Jul/2025:16:17:51 +0300 - 0.000] 502 "GET / HTTP/2.0" 0 "https://nasha-set.ru" "Mozilla/5.0 (Windows NT 10.0; Win64; x64) AppleWebKit/537.36 (KHTML, like Gecko) Chrome/57.0.2987.133 Safari/537.36" "134.73.19.188"
49.0.33.195 - - [17/Jul/2025:16:17:51 +0300 - 0.000] 502 "GET / HTTP/2.0" 0 "https://nasha-set.ru" "Mozilla/5.0 (Windows NT 10.0; Win64; x64) AppleWebKit/537.36 (KHTML, like Gecko) Chrome/57.0.2987.133 Safari/537.36" "134.73.19.188"
49.0.33.195 - - [17/Jul/2025:16:17:51 +0300 - 0.000] 502 "GET / HTTP/2.0" 0 "https://nasha-set.ru" "Mozilla/5.0 (Windows NT 10.0; Win64; x64) AppleWebKit/537.36 (KHTML, like Gecko) Chrome/57.0.2987.133 Safari/537.36" "134.73.19.188"
49.0.33.195 - - [17/Jul/2025:16:17:51 +0300 - 0.000] 502 "GET / HTTP/2.0" 0 "https://nasha-set.ru" "Mozilla/5.0 (Windows NT 10.0; Win64; x64) AppleWebKit/537.36 (KHTML, like Gecko) Chrome/57.0.2987.133 Safari/537.36" "134.73.19.188"
49.0.33.195 - - [17/Jul/2025:16:17:51 +0300 - 0.000] 502 "GET / HTTP/2.0" 0 "https://nasha-set.ru" "Mozilla/5.0 (Windows NT 10.0; Win64; x64) AppleWebKit/537.36 (KHTML, like Gecko) Chrome/57.0.2987.133 Safari/537.36" "134.73.19.188"
49.0.33.195 - - [17/Jul/2025:16:17:51 +0300 - 0.000] 502 "GET / HTTP/2.0" 0 "https://nasha-set.ru" "Mozilla/5.0 (Windows NT 10.0; Win64; x64) AppleWebKit/537.36 (KHTML, like Gecko) Chrome/57.0.2987.133 Safari/537.36" "134.73.19.188"
49.0.33.195 - - [17/Jul/2025:16:17:51 +0300 - 0.000] 502 "GET / HTTP/2.0" 0 "https://nasha-set.ru" "Mozilla/5.0 (Windows NT 10.0; Win64; x64) AppleWebKit/537.36 (KHTML, like Gecko) Chrome/57.0.2987.133 Safari/537.36" "134.73.19.188"
49.0.33.195 - - [17/Jul/2025:16:17:51 +0300 - 0.000] 502 "GET / HTTP/2.0" 0 "https://nasha-set.ru" "Mozilla/5.0 (Windows NT 10.0; Win64; x64) AppleWebKit/537.36 (KHTML, like Gecko) Chrome/57.0.2987.133 Safari/537.36" "134.73.19.188"
49.0.33.195 - - [17/Jul/2025:16:17:51 +0300 - 0.000] 502 "GET / HTTP/2.0" 0 "https://nasha-set.ru" "Mozilla/5.0 (Windows NT 10.0; Win64; x64) AppleWebKit/537.36 (KHTML, like Gecko) Chrome/57.0.2987.133 Safari/537.36" "134.73.19.188"
194.186.248.6 - - [17/Jul/2025:16:17:51 +0300 - 48.292] 200 "GET / HTTP/2.0" 65535 "https://nasha-set.ru" "Mozilla/5.0 (Windows NT 10.0; Win64; WOW64) AppleWebKit/537.36 (KHTML, like Gecko) Chrome/99.0.4844.84 Safari/537.36 OPR/85.0.4341.60" "194.186.248.6"
193.124.92.4 - - [17/Jul/2025:16:17:51 +0300 - 40.785] 200 "GET / HTTP/1.3" 55348 "https://nasha-set.ru" "Opera/9.80 (Windows NT 6.0; WOW64; MRA 6.0 (build 5831)) Presto/2.12.388 Version/12.18" "-"
46.36.123.66 - - [17/Jul/2025:16:17:52 +0300 - 0.000] 502 "GET / HTTP/2.0" 1135 "https://nasha-set.ru" "Mozilla/5.0 (Windows NT 10.0; Win64; x64; rv:100.0) Gecko/20100101 Firefox/100.0" "46.36.123.69"
27.62.137.114 - - [17/Jul/2025:16:17:52 +0300 - 0.000] 502 "GET / HTTP/1.3" 1135 "https://nasha-set.ru" "Mozilla/5.0 (Linux; Android 12; RMX3081 Build/SKQ1.210216.001; wv) AppleWebKit/537.36 (KHTML, like Gecko) Version/4.0 Chrome/102.0.5005.78 Mobile Safari/537.36" "-"
46.36.123.66 - - [17/Jul/2025:16:17:52 +0300 - 0.000] 502 "GET / HTTP/2.0" 1135 "https://nasha-set.ru" "Mozilla/5.0 (Windows NT 10.0; Win64; x64; rv:100.0) Gecko/20100101 Firefox/100.0" "46.36.123.69"
154.9.248.142 - - [17/Jul/2025:16:17:52 +0300 - 0.000] 502 "GET / HTTP/1.3" 1135 "https://nasha-set.ru" "Opera/9.80 (Windows NT 6.0; WOW64; MRA 6.0 (build 5831)) Presto/2.12.388 Version/12.18" "-"
43.208.241.71 - - [17/Jul/2025:16:17:52 +0300 - -] 403 "GET /?DKpS=m96o HTTP/1.3" 118 "https://nasha-set.ru" "Mozilla/5.0 (Windows NT 10.0; Win64; x64) AppleWebKit/537.36 (KHTML, like Gecko)" "-"
156.234.180.125 - - [17/Jul/2025:16:17:52 +0300 - -] 403 "GET /?UNfB=tPyh HTTP/1.3" 118 "https://nasha-set.ru" "Mozilla/5.0 (Windows NT 10.0; Win64; x64; rv:100.0) Gecko/20100101 Firefox/100.0" "-"
46.105.50.180 - - [17/Jul/2025:16:17:52 +0300 - 0.000] 502 "GET / HTTP/1.3" 1135 "https://nasha-set.ru" "Mozilla/5.0 (Windows NT 6.1; WOW64) AppleWebKit/537.36 (KHTML, like Gecko) Chrome/65.0.3325.181 Safari/537.36 OPR/52.0.2871.64 (Edition FCR)" "-"
156.234.180.77 - - [17/Jul/2025:16:17:52 +0300 - -] 403 "GET /?IpZC=EiDd HTTP/1.3" 180 "https://nasha-set.ru" "Mozilla/5.0 (Windows NT 10.0; Win64; x64) AppleWebKit/537.36 (KHTML, like Gecko) Chrome/101.0.4951.26 Safari/537.36 Edg/101.0.1210.14" "-"
194.226.236.229 - - [17/Jul/2025:16:17:52 +0300 - 0.000] 502 "GET / HTTP/1.3" 1135 "https://nasha-set.ru" "Mozilla/5.0 (Linux; Android 12; CPH2173 Build/RKQ1.211103.002; wv) AppleWebKit/537.36 (KHTML, like Gecko) Version/4.0 Chrome/102.0.5005.78 Mobile Safari/537.36" "-"
46.105.50.180 - - [17/Jul/2025:16:17:52 +0300 - 0.000] 502 "GET / HTTP/1.3" 1135 "https://nasha-set.ru" "Mozilla/5.0 (Linux; Android 10; ONEPLUS A5000) AppleWebKit/537.36 (KHTML, like Gecko) Chrome/93.0.4577.75 Mobile Safari/537.36 ABB/3.1.0" "-"
156.234.180.77 - - [17/Jul/2025:16:17:52 +0300 - -] 403 "GET /?zkNa=EiDd HTTP/1.3" 180 "https://nasha-set.ru" "Mozilla/5.0 (Windows NT 10.0; Win64; x64) AppleWebKit/537.36 (KHTML, like Gecko) Chrome/98.0.4758.102 Safari/537.36 Edg/98.0.1108.62" "-"
103.220.23.107 - - [17/Jul/2025:16:17:50 +0300 - 0.000] 502 "GET / HTTP/2.0" 1135 "https://nasha-set.ru" "Mozilla/5.0 (Windows NT 10.0; Win64; x64) AppleWebKit/537.36 (KHTML, like Gecko) Chrome/98.0.4758.102 Safari/537.36 Edg/98.0.1108.62" "103.220.23.107"
185.192.247.227 - - [17/Jul/2025:16:17:52 +0300 - 0.000] 502 "GET /?Fvnl=gY6c HTTP/1.3" 1135 "https://nasha-set.ru" "Mozilla/5.0 (Windows NT 10.0; Win64; x64; rv:100.0) Gecko/20100101 Firefox/100.0" "-"
103.75.85.132 - - [17/Jul/2025:16:17:52 +0300 - 0.000] 502 "GET / HTTP/2.0" 1135 "https://nasha-set.ru" "Mozilla/5.0 (Windows NT 10.0; Win64; x64) AppleWebKit/537.36 (KHTML, like Gecko) Chrome/101.0.4951.26 Safari/537.36 Edg/101.0.1210.14" "103.75.85.132"
103.220.23.107 - - [17/Jul/2025:16:17:50 +0300 - 0.000] 502 "GET / HTTP/2.0" 1135 "https://nasha-set.ru" "Mozilla/5.0 (Windows NT 10.0; Win64; x64) AppleWebKit/537.36 (KHTML, like Gecko) Chrome/98.0.4758.102 Safari/537.36 Edg/98.0.1108.62" "103.220.23.107"
103.75.85.132 - - [17/Jul/2025:16:17:52 +0300 - 0.000] 502 "GET / HTTP/2.0" 1135 "https://nasha-set.ru" "Mozilla/5.0 (Windows NT 10.0; Win64; x64) AppleWebKit/537.36 (KHTML, like Gecko) Chrome/101.0.4951.26 Safari/537.36 Edg/101.0.1210.14" "103.75.85.132"
103.220.23.107 - - [17/Jul/2025:16:17:50 +0300 - 0.000] 502 "GET / HTTP/2.0" 1135 "https://nasha-set.ru" "Mozilla/5.0 (Windows NT 10.0; Win64; x64) AppleWebKit/537.36 (KHTML, like Gecko) Chrome/98.0.4758.102 Safari/537.36 Edg/98.0.1108.62" "103.220.23.107"
103.75.85.132 - - [17/Jul/2025:16:17:52 +0300 - 0.000] 502 "GET / HTTP/2.0" 1135 "https://nasha-set.ru" "Mozilla/5.0 (Windows NT 10.0; Win64; x64) AppleWebKit/537.36 (KHTML, like Gecko) Chrome/101.0.4951.26 Safari/537.36 Edg/101.0.1210.14" "103.75.85.132"
103.75.85.132 - - [17/Jul/2025:16:17:52 +0300 - 0.000] 502 "GET / HTTP/2.0" 1135 "https://nasha-set.ru" "Mozilla/5.0 (Windows NT 10.0; Win64; x64) AppleWebKit/537.36 (KHTML, like Gecko) Chrome/101.0.4951.26 Safari/537.36 Edg/101.0.1210.14" "103.75.85.132"
156.234.144.1 - - [17/Jul/2025:16:17:51 +0300 - -] 403 "GET / HTTP/2.0" 107 "https://nasha-set.ru" "Mozilla/5.0 (Windows NT 10.0; WOW64; rv:53.0) Gecko/20100101 Firefox/53.0" "161.133.169.78"
156.234.144.1 - - [17/Jul/2025:16:17:51 +0300 - -] 403 "GET / HTTP/2.0" 107 "https://nasha-set.ru" "Mozilla/5.0 (Windows NT 10.0; WOW64; rv:53.0) Gecko/20100101 Firefox/53.0" "161.133.169.78"
156.234.144.1 - - [17/Jul/2025:16:17:51 +0300 - -] 403 "GET / HTTP/2.0" 107 "https://nasha-set.ru" "Mozilla/5.0 (Windows NT 10.0; WOW64; rv:53.0) Gecko/20100101 Firefox/53.0" "161.133.169.78"
156.234.144.1 - - [17/Jul/2025:16:17:51 +0300 - -] 403 "GET / HTTP/2.0" 107 "https://nasha-set.ru" "Mozilla/5.0 (Windows NT 10.0; WOW64; rv:53.0) Gecko/20100101 Firefox/53.0" "161.133.169.78"
156.234.144.1 - - [17/Jul/2025:16:17:51 +0300 - -] 403 "GET / HTTP/2.0" 107 "https://nasha-set.ru" "Mozilla/5.0 (Windows NT 10.0; WOW64; rv:53.0) Gecko/20100101 Firefox/53.0" "161.133.169.78"
156.234.144.1 - - [17/Jul/2025:16:17:51 +0300 - -] 403 "GET / HTTP/2.0" 107 "https://nasha-set.ru" "Mozilla/5.0 (Windows NT 10.0; WOW64; rv:53.0) Gecko/20100101 Firefox/53.0" "161.133.169.78"
156.234.144.1 - - [17/Jul/2025:16:17:51 +0300 - -] 403 "GET / HTTP/2.0" 107 "https://nasha-set.ru" "Mozilla/5.0 (Windows NT 10.0; WOW64; rv:53.0) Gecko/20100101 Firefox/53.0" "161.133.169.78"
156.234.144.1 - - [17/Jul/2025:16:17:51 +0300 - -] 403 "GET / HTTP/2.0" 107 "https://nasha-set.ru" "Mozilla/5.0 (Windows NT 10.0; WOW64; rv:53.0) Gecko/20100101 Firefox/53.0" "161.133.169.78"
156.234.144.1 - - [17/Jul/2025:16:17:51 +0300 - -] 403 "GET / HTTP/2.0" 107 "https://nasha-set.ru" "Mozilla/5.0 (Windows NT 10.0; WOW64; rv:53.0) Gecko/20100101 Firefox/53.0" "161.133.169.78"
156.234.144.1 - - [17/Jul/2025:16:17:51 +0300 - -] 403 "GET / HTTP/2.0" 107 "https://nasha-set.ru" "Mozilla/5.0 (Windows NT 10.0; WOW64; rv:53.0) Gecko/20100101 Firefox/53.0" "161.133.169.78"
156.234.144.1 - - [17/Jul/2025:16:17:51 +0300 - -] 403 "GET / HTTP/2.0" 107 "https://nasha-set.ru" "Mozilla/5.0 (Windows NT 10.0; WOW64; rv:53.0) Gecko/20100101 Firefox/53.0" "161.133.169.78"
156.234.144.1 - - [17/Jul/2025:16:17:51 +0300 - -] 403 "GET / HTTP/2.0" 107 "https://nasha-set.ru" "Mozilla/5.0 (Windows NT 10.0; WOW64; rv:53.0) Gecko/20100101 Firefox/53.0" "161.133.169.78"
156.234.144.1 - - [17/Jul/2025:16:17:51 +0300 - -] 403 "GET / HTTP/2.0" 107 "https://nasha-set.ru" "Mozilla/5.0 (Windows NT 10.0; WOW64; rv:53.0) Gecko/20100101 Firefox/53.0" "161.133.169.78"
156.234.144.1 - - [17/Jul/2025:16:17:51 +0300 - -] 403 "GET / HTTP/2.0" 107 "https://nasha-set.ru" "Mozilla/5.0 (Windows NT 10.0; WOW64; rv:53.0) Gecko/20100101 Firefox/53.0" "161.133.169.78"
156.234.144.1 - - [17/Jul/2025:16:17:51 +0300 - -] 403 "GET / HTTP/2.0" 107 "https://nasha-set.ru" "Mozilla/5.0 (Windows NT 10.0; WOW64; rv:53.0) Gecko/20100101 Firefox/53.0" "161.133.169.78"
156.234.144.1 - - [17/Jul/2025:16:17:51 +0300 - -] 403 "GET / HTTP/2.0" 107 "https://nasha-set.ru" "Mozilla/5.0 (Windows NT 10.0; WOW64; rv:53.0) Gecko/20100101 Firefox/53.0" "161.133.169.78"
156.234.144.1 - - [17/Jul/2025:16:17:51 +0300 - -] 403 "GET / HTTP/2.0" 107 "https://nasha-set.ru" "Mozilla/5.0 (Windows NT 10.0; WOW64; rv:53.0) Gecko/20100101 Firefox/53.0" "161.133.169.78"
156.234.144.1 - - [17/Jul/2025:16:17:51 +0300 - -] 403 "GET / HTTP/2.0" 107 "https://nasha-set.ru" "Mozilla/5.0 (Windows NT 10.0; WOW64; rv:53.0) Gecko/20100101 Firefox/53.0" "161.133.169.78"
156.234.144.1 - - [17/Jul/2025:16:17:51 +0300 - -] 403 "GET / HTTP/2.0" 107 "https://nasha-set.ru" "Mozilla/5.0 (Windows NT 10.0; WOW64; rv:53.0) Gecko/20100101 Firefox/53.0" "161.133.169.78"
156.234.144.1 - - [17/Jul/2025:16:17:51 +0300 - -] 403 "GET / HTTP/2.0" 107 "https://nasha-set.ru" "Mozilla/5.0 (Windows NT 10.0; WOW64; rv:53.0) Gecko/20100101 Firefox/53.0" "161.133.169.78"
156.234.144.1 - - [17/Jul/2025:16:17:51 +0300 - -] 403 "GET / HTTP/2.0" 107 "https://nasha-set.ru" "Mozilla/5.0 (Windows NT 10.0; WOW64; rv:53.0) Gecko/20100101 Firefox/53.0" "161.133.169.78"
156.234.144.1 - - [17/Jul/2025:16:17:51 +0300 - -] 403 "GET / HTTP/2.0" 107 "https://nasha-set.ru" "Mozilla/5.0 (Windows NT 10.0; WOW64; rv:53.0) Gecko/20100101 Firefox/53.0" "161.133.169.78"
156.234.144.1 - - [17/Jul/2025:16:17:51 +0300 - -] 403 "GET / HTTP/2.0" 107 "https://nasha-set.ru" "Mozilla/5.0 (Windows NT 10.0; WOW64; rv:53.0) Gecko/20100101 Firefox/53.0" "161.133.169.78"
156.234.144.1 - - [17/Jul/2025:16:17:51 +0300 - -] 403 "GET / HTTP/2.0" 107 "https://nasha-set.ru" "Mozilla/5.0 (Windows NT 10.0; WOW64; rv:53.0) Gecko/20100101 Firefox/53.0" "161.133.169.78"
156.234.144.1 - - [17/Jul/2025:16:17:51 +0300 - -] 403 "GET / HTTP/2.0" 107 "https://nasha-set.ru" "Mozilla/5.0 (Windows NT 10.0; WOW64; rv:53.0) Gecko/20100101 Firefox/53.0" "161.133.169.78"
156.234.144.1 - - [17/Jul/2025:16:17:51 +0300 - -] 403 "GET / HTTP/2.0" 107 "https://nasha-set.ru" "Mozilla/5.0 (Windows NT 10.0; WOW64; rv:53.0) Gecko/20100101 Firefox/53.0" "161.133.169.78"
156.234.144.1 - - [17/Jul/2025:16:17:51 +0300 - -] 403 "GET / HTTP/2.0" 107 "https://nasha-set.ru" "Mozilla/5.0 (Windows NT 10.0; WOW64; rv:53.0) Gecko/20100101 Firefox/53.0" "161.133.169.78"
156.234.144.1 - - [17/Jul/2025:16:17:51 +0300 - -] 403 "GET / HTTP/2.0" 107 "https://nasha-set.ru" "Mozilla/5.0 (Windows NT 10.0; WOW64; rv:53.0) Gecko/20100101 Firefox/53.0" "161.133.169.78"
156.234.144.1 - - [17/Jul/2025:16:17:51 +0300 - -] 403 "GET / HTTP/2.0" 107 "https://nasha-set.ru" "Mozilla/5.0 (Windows NT 10.0; WOW64; rv:53.0) Gecko/20100101 Firefox/53.0" "161.133.169.78"
156.234.144.1 - - [17/Jul/2025:16:17:51 +0300 - -] 403 "GET / HTTP/2.0" 107 "https://nasha-set.ru" "Mozilla/5.0 (Windows NT 10.0; WOW64; rv:53.0) Gecko/20100101 Firefox/53.0" "161.133.169.78"
156.234.144.1 - - [17/Jul/2025:16:17:51 +0300 - -] 403 "GET / HTTP/2.0" 107 "https://nasha-set.ru" "Mozilla/5.0 (Windows NT 10.0; WOW64; rv:53.0) Gecko/20100101 Firefox/53.0" "161.133.169.78"
156.234.144.1 - - [17/Jul/2025:16:17:51 +0300 - -] 403 "GET / HTTP/2.0" 107 "https://nasha-set.ru" "Mozilla/5.0 (Windows NT 10.0; WOW64; rv:53.0) Gecko/20100101 Firefox/53.0" "161.133.169.78"
156.234.144.1 - - [17/Jul/2025:16:17:51 +0300 - -] 403 "GET / HTTP/2.0" 107 "https://nasha-set.ru" "Mozilla/5.0 (Windows NT 10.0; WOW64; rv:53.0) Gecko/20100101 Firefox/53.0" "161.133.169.78"
156.234.144.1 - - [17/Jul/2025:16:17:51 +0300 - -] 403 "GET / HTTP/2.0" 107 "https://nasha-set.ru" "Mozilla/5.0 (Windows NT 10.0; WOW64; rv:53.0) Gecko/20100101 Firefox/53.0" "161.133.169.78"
156.234.144.1 - - [17/Jul/2025:16:17:51 +0300 - -] 403 "GET / HTTP/2.0" 107 "https://nasha-set.ru" "Mozilla/5.0 (Windows NT 10.0; WOW64; rv:53.0) Gecko/20100101 Firefox/53.0" "161.133.169.78"
156.234.144.1 - - [17/Jul/2025:16:17:51 +0300 - -] 403 "GET / HTTP/2.0" 107 "https://nasha-set.ru" "Mozilla/5.0 (Windows NT 10.0; WOW64; rv:53.0) Gecko/20100101 Firefox/53.0" "161.133.169.78"
156.234.144.1 - - [17/Jul/2025:16:17:51 +0300 - -] 403 "GET / HTTP/2.0" 107 "https://nasha-set.ru" "Mozilla/5.0 (Windows NT 10.0; WOW64; rv:53.0) Gecko/20100101 Firefox/53.0" "161.133.169.78"
156.234.144.1 - - [17/Jul/2025:16:17:51 +0300 - -] 403 "GET / HTTP/2.0" 107 "https://nasha-set.ru" "Mozilla/5.0 (Windows NT 10.0; WOW64; rv:53.0) Gecko/20100101 Firefox/53.0" "161.133.169.78"
156.234.144.1 - - [17/Jul/2025:16:17:51 +0300 - -] 403 "GET / HTTP/2.0" 107 "https://nasha-set.ru" "Mozilla/5.0 (Windows NT 10.0; WOW64; rv:53.0) Gecko/20100101 Firefox/53.0" "161.133.169.78"
156.234.144.1 - - [17/Jul/2025:16:17:51 +0300 - -] 403 "GET / HTTP/2.0" 107 "https://nasha-set.ru" "Mozilla/5.0 (Windows NT 10.0; WOW64; rv:53.0) Gecko/20100101 Firefox/53.0" "161.133.169.78"
156.234.144.1 - - [17/Jul/2025:16:17:51 +0300 - -] 403 "GET / HTTP/2.0" 107 "https://nasha-set.ru" "Mozilla/5.0 (Windows NT 10.0; WOW64; rv:53.0) Gecko/20100101 Firefox/53.0" "161.133.169.78"
156.234.144.1 - - [17/Jul/2025:16:17:51 +0300 - -] 403 "GET / HTTP/2.0" 107 "https://nasha-set.ru" "Mozilla/5.0 (Windows NT 10.0; WOW64; rv:53.0) Gecko/20100101 Firefox/53.0" "161.133.169.78"
156.234.144.1 - - [17/Jul/2025:16:17:51 +0300 - -] 403 "GET / HTTP/2.0" 107 "https://nasha-set.ru" "Mozilla/5.0 (Windows NT 10.0; WOW64; rv:53.0) Gecko/20100101 Firefox/53.0" "161.133.169.78"
156.234.144.1 - - [17/Jul/2025:16:17:51 +0300 - -] 403 "GET / HTTP/2.0" 107 "https://nasha-set.ru" "Mozilla/5.0 (Windows NT 10.0; WOW64; rv:53.0) Gecko/20100101 Firefox/53.0" "161.133.169.78"
156.234.144.1 - - [17/Jul/2025:16:17:51 +0300 - -] 403 "GET / HTTP/2.0" 107 "https://nasha-set.ru" "Mozilla/5.0 (Windows NT 10.0; WOW64; rv:53.0) Gecko/20100101 Firefox/53.0" "161.133.169.78"
156.234.144.1 - - [17/Jul/2025:16:17:51 +0300 - -] 403 "GET / HTTP/2.0" 107 "https://nasha-set.ru" "Mozilla/5.0 (Windows NT 10.0; WOW64; rv:53.0) Gecko/20100101 Firefox/53.0" "161.133.169.78"
156.234.144.1 - - [17/Jul/2025:16:17:51 +0300 - -] 403 "GET / HTTP/2.0" 107 "https://nasha-set.ru" "Mozilla/5.0 (Windows NT 10.0; WOW64; rv:53.0) Gecko/20100101 Firefox/53.0" "161.133.169.78"
156.234.144.1 - - [17/Jul/2025:16:17:51 +0300 - -] 403 "GET / HTTP/2.0" 107 "https://nasha-set.ru" "Mozilla/5.0 (Windows NT 10.0; WOW64; rv:53.0) Gecko/20100101 Firefox/53.0" "161.133.169.78"
156.234.144.1 - - [17/Jul/2025:16:17:51 +0300 - -] 403 "GET / HTTP/2.0" 107 "https://nasha-set.ru" "Mozilla/5.0 (Windows NT 10.0; WOW64; rv:53.0) Gecko/20100101 Firefox/53.0" "161.133.169.78"
156.234.144.1 - - [17/Jul/2025:16:17:51 +0300 - -] 403 "GET / HTTP/2.0" 107 "https://nasha-set.ru" "Mozilla/5.0 (Windows NT 10.0; WOW64; rv:53.0) Gecko/20100101 Firefox/53.0" "161.133.169.78"
43.208.237.21 - - [17/Jul/2025:16:17:51 +0300 - -] 403 "GET / HTTP/2.0" 107 "https://nasha-set.ru" "Mozilla/5.0 (Macintosh; Intel Mac OS X 10_11_6) AppleWebKit/603.2.5 (KHTML, like Gecko) Version/10.1.1 Safari/603.2.5" "9.95.54.169"
43.208.237.21 - - [17/Jul/2025:16:17:51 +0300 - -] 403 "GET / HTTP/2.0" 107 "https://nasha-set.ru" "Mozilla/5.0 (Macintosh; Intel Mac OS X 10_11_6) AppleWebKit/603.2.5 (KHTML, like Gecko) Version/10.1.1 Safari/603.2.5" "9.95.54.169"
43.208.237.21 - - [17/Jul/2025:16:17:51 +0300 - -] 403 "GET / HTTP/2.0" 107 "https://nasha-set.ru" "Mozilla/5.0 (Macintosh; Intel Mac OS X 10_11_6) AppleWebKit/603.2.5 (KHTML, like Gecko) Version/10.1.1 Safari/603.2.5" "9.95.54.169"
43.208.237.21 - - [17/Jul/2025:16:17:51 +0300 - -] 403 "GET / HTTP/2.0" 107 "https://nasha-set.ru" "Mozilla/5.0 (Macintosh; Intel Mac OS X 10_11_6) AppleWebKit/603.2.5 (KHTML, like Gecko) Version/10.1.1 Safari/603.2.5" "9.95.54.169"
43.208.237.21 - - [17/Jul/2025:16:17:51 +0300 - -] 403 "GET / HTTP/2.0" 107 "https://nasha-set.ru" "Mozilla/5.0 (Macintosh; Intel Mac OS X 10_11_6) AppleWebKit/603.2.5 (KHTML, like Gecko) Version/10.1.1 Safari/603.2.5" "9.95.54.169"
43.208.237.21 - - [17/Jul/2025:16:17:51 +0300 - -] 403 "GET / HTTP/2.0" 107 "https://nasha-set.ru" "Mozilla/5.0 (Macintosh; Intel Mac OS X 10_11_6) AppleWebKit/603.2.5 (KHTML, like Gecko) Version/10.1.1 Safari/603.2.5" "9.95.54.169"
43.208.237.21 - - [17/Jul/2025:16:17:51 +0300 - -] 403 "GET / HTTP/2.0" 107 "https://nasha-set.ru" "Mozilla/5.0 (Macintosh; Intel Mac OS X 10_11_6) AppleWebKit/603.2.5 (KHTML, like Gecko) Version/10.1.1 Safari/603.2.5" "9.95.54.169"
43.208.237.21 - - [17/Jul/2025:16:17:51 +0300 - -] 403 "GET / HTTP/2.0" 107 "https://nasha-set.ru" "Mozilla/5.0 (Macintosh; Intel Mac OS X 10_11_6) AppleWebKit/603.2.5 (KHTML, like Gecko) Version/10.1.1 Safari/603.2.5" "9.95.54.169"
43.208.237.21 - - [17/Jul/2025:16:17:51 +0300 - -] 403 "GET / HTTP/2.0" 107 "https://nasha-set.ru" "Mozilla/5.0 (Macintosh; Intel Mac OS X 10_11_6) AppleWebKit/603.2.5 (KHTML, like Gecko) Version/10.1.1 Safari/603.2.5" "9.95.54.169"
43.208.237.21 - - [17/Jul/2025:16:17:51 +0300 - -] 403 "GET / HTTP/2.0" 107 "https://nasha-set.ru" "Mozilla/5.0 (Macintosh; Intel Mac OS X 10_11_6) AppleWebKit/603.2.5 (KHTML, like Gecko) Version/10.1.1 Safari/603.2.5" "9.95.54.169"
43.208.237.21 - - [17/Jul/2025:16:17:51 +0300 - -] 403 "GET / HTTP/2.0" 107 "https://nasha-set.ru" "Mozilla/5.0 (Macintosh; Intel Mac OS X 10_11_6) AppleWebKit/603.2.5 (KHTML, like Gecko) Version/10.1.1 Safari/603.2.5" "9.95.54.169"
43.208.237.21 - - [17/Jul/2025:16:17:51 +0300 - -] 403 "GET / HTTP/2.0" 107 "https://nasha-set.ru" "Mozilla/5.0 (Macintosh; Intel Mac OS X 10_11_6) AppleWebKit/603.2.5 (KHTML, like Gecko) Version/10.1.1 Safari/603.2.5" "9.95.54.169"
43.208.237.21 - - [17/Jul/2025:16:17:51 +0300 - -] 403 "GET / HTTP/2.0" 107 "https://nasha-set.ru" "Mozilla/5.0 (Macintosh; Intel Mac OS X 10_11_6) AppleWebKit/603.2.5 (KHTML, like Gecko) Version/10.1.1 Safari/603.2.5" "9.95.54.169"
43.208.237.21 - - [17/Jul/2025:16:17:51 +0300 - -] 403 "GET / HTTP/2.0" 107 "https://nasha-set.ru" "Mozilla/5.0 (Macintosh; Intel Mac OS X 10_11_6) AppleWebKit/603.2.5 (KHTML, like Gecko) Version/10.1.1 Safari/603.2.5" "9.95.54.169"
43.208.237.21 - - [17/Jul/2025:16:17:51 +0300 - -] 403 "GET / HTTP/2.0" 107 "https://nasha-set.ru" "Mozilla/5.0 (Macintosh; Intel Mac OS X 10_11_6) AppleWebKit/603.2.5 (KHTML, like Gecko) Version/10.1.1 Safari/603.2.5" "9.95.54.169"
43.208.237.21 - - [17/Jul/2025:16:17:51 +0300 - -] 403 "GET / HTTP/2.0" 107 "https://nasha-set.ru" "Mozilla/5.0 (Macintosh; Intel Mac OS X 10_11_6) AppleWebKit/603.2.5 (KHTML, like Gecko) Version/10.1.1 Safari/603.2.5" "9.95.54.169"
43.208.237.21 - - [17/Jul/2025:16:17:51 +0300 - -] 403 "GET / HTTP/2.0" 107 "https://nasha-set.ru" "Mozilla/5.0 (Macintosh; Intel Mac OS X 10_11_6) AppleWebKit/603.2.5 (KHTML, like Gecko) Version/10.1.1 Safari/603.2.5" "9.95.54.169"
43.208.237.21 - - [17/Jul/2025:16:17:51 +0300 - -] 403 "GET / HTTP/2.0" 107 "https://nasha-set.ru" "Mozilla/5.0 (Macintosh; Intel Mac OS X 10_11_6) AppleWebKit/603.2.5 (KHTML, like Gecko) Version/10.1.1 Safari/603.2.5" "9.95.54.169"
43.208.237.21 - - [17/Jul/2025:16:17:51 +0300 - -] 403 "GET / HTTP/2.0" 107 "https://nasha-set.ru" "Mozilla/5.0 (Macintosh; Intel Mac OS X 10_11_6) AppleWebKit/603.2.5 (KHTML, like Gecko) Version/10.1.1 Safari/603.2.5" "9.95.54.169"
43.208.237.21 - - [17/Jul/2025:16:17:51 +0300 - -] 403 "GET / HTTP/2.0" 107 "https://nasha-set.ru" "Mozilla/5.0 (Macintosh; Intel Mac OS X 10_11_6) AppleWebKit/603.2.5 (KHTML, like Gecko) Version/10.1.1 Safari/603.2.5" "9.95.54.169"
43.208.237.21 - - [17/Jul/2025:16:17:51 +0300 - -] 403 "GET / HTTP/2.0" 107 "https://nasha-set.ru" "Mozilla/5.0 (Macintosh; Intel Mac OS X 10_11_6) AppleWebKit/603.2.5 (KHTML, like Gecko) Version/10.1.1 Safari/603.2.5" "9.95.54.169"
43.208.237.21 - - [17/Jul/2025:16:17:51 +0300 - -] 403 "GET / HTTP/2.0" 107 "https://nasha-set.ru" "Mozilla/5.0 (Macintosh; Intel Mac OS X 10_11_6) AppleWebKit/603.2.5 (KHTML, like Gecko) Version/10.1.1 Safari/603.2.5" "9.95.54.169"
43.208.237.21 - - [17/Jul/2025:16:17:51 +0300 - -] 403 "GET / HTTP/2.0" 107 "https://nasha-set.ru" "Mozilla/5.0 (Macintosh; Intel Mac OS X 10_11_6) AppleWebKit/603.2.5 (KHTML, like Gecko) Version/10.1.1 Safari/603.2.5" "9.95.54.169"
43.208.237.21 - - [17/Jul/2025:16:17:51 +0300 - -] 403 "GET / HTTP/2.0" 107 "https://nasha-set.ru" "Mozilla/5.0 (Macintosh; Intel Mac OS X 10_11_6) AppleWebKit/603.2.5 (KHTML, like Gecko) Version/10.1.1 Safari/603.2.5" "9.95.54.169"
43.208.237.21 - - [17/Jul/2025:16:17:51 +0300 - -] 403 "GET / HTTP/2.0" 107 "https://nasha-set.ru" "Mozilla/5.0 (Macintosh; Intel Mac OS X 10_11_6) AppleWebKit/603.2.5 (KHTML, like Gecko) Version/10.1.1 Safari/603.2.5" "9.95.54.169"
43.208.237.21 - - [17/Jul/2025:16:17:51 +0300 - -] 403 "GET / HTTP/2.0" 107 "https://nasha-set.ru" "Mozilla/5.0 (Macintosh; Intel Mac OS X 10_11_6) AppleWebKit/603.2.5 (KHTML, like Gecko) Version/10.1.1 Safari/603.2.5" "9.95.54.169"
43.208.237.21 - - [17/Jul/2025:16:17:51 +0300 - -] 403 "GET / HTTP/2.0" 107 "https://nasha-set.ru" "Mozilla/5.0 (Macintosh; Intel Mac OS X 10_11_6) AppleWebKit/603.2.5 (KHTML, like Gecko) Version/10.1.1 Safari/603.2.5" "9.95.54.169"
43.208.237.21 - - [17/Jul/2025:16:17:51 +0300 - -] 403 "GET / HTTP/2.0" 107 "https://nasha-set.ru" "Mozilla/5.0 (Macintosh; Intel Mac OS X 10_11_6) AppleWebKit/603.2.5 (KHTML, like Gecko) Version/10.1.1 Safari/603.2.5" "9.95.54.169"
43.208.237.21 - - [17/Jul/2025:16:17:51 +0300 - -] 403 "GET / HTTP/2.0" 107 "https://nasha-set.ru" "Mozilla/5.0 (Macintosh; Intel Mac OS X 10_11_6) AppleWebKit/603.2.5 (KHTML, like Gecko) Version/10.1.1 Safari/603.2.5" "9.95.54.169"
43.208.237.21 - - [17/Jul/2025:16:17:51 +0300 - -] 403 "GET / HTTP/2.0" 107 "https://nasha-set.ru" "Mozilla/5.0 (Macintosh; Intel Mac OS X 10_11_6) AppleWebKit/603.2.5 (KHTML, like Gecko) Version/10.1.1 Safari/603.2.5" "9.95.54.169"
43.208.237.21 - - [17/Jul/2025:16:17:51 +0300 - -] 403 "GET / HTTP/2.0" 107 "https://nasha-set.ru" "Mozilla/5.0 (Macintosh; Intel Mac OS X 10_11_6) AppleWebKit/603.2.5 (KHTML, like Gecko) Version/10.1.1 Safari/603.2.5" "9.95.54.169"
43.208.237.21 - - [17/Jul/2025:16:17:51 +0300 - -] 403 "GET / HTTP/2.0" 107 "https://nasha-set.ru" "Mozilla/5.0 (Macintosh; Intel Mac OS X 10_11_6) AppleWebKit/603.2.5 (KHTML, like Gecko) Version/10.1.1 Safari/603.2.5" "9.95.54.169"
43.208.237.21 - - [17/Jul/2025:16:17:51 +0300 - -] 403 "GET / HTTP/2.0" 107 "https://nasha-set.ru" "Mozilla/5.0 (Macintosh; Intel Mac OS X 10_11_6) AppleWebKit/603.2.5 (KHTML, like Gecko) Version/10.1.1 Safari/603.2.5" "9.95.54.169"
43.208.237.21 - - [17/Jul/2025:16:17:51 +0300 - -] 403 "GET / HTTP/2.0" 107 "https://nasha-set.ru" "Mozilla/5.0 (Macintosh; Intel Mac OS X 10_11_6) AppleWebKit/603.2.5 (KHTML, like Gecko) Version/10.1.1 Safari/603.2.5" "9.95.54.169"
43.208.237.21 - - [17/Jul/2025:16:17:51 +0300 - -] 403 "GET / HTTP/2.0" 107 "https://nasha-set.ru" "Mozilla/5.0 (Macintosh; Intel Mac OS X 10_11_6) AppleWebKit/603.2.5 (KHTML, like Gecko) Version/10.1.1 Safari/603.2.5" "9.95.54.169"
43.208.237.21 - - [17/Jul/2025:16:17:51 +0300 - -] 403 "GET / HTTP/2.0" 107 "https://nasha-set.ru" "Mozilla/5.0 (Macintosh; Intel Mac OS X 10_11_6) AppleWebKit/603.2.5 (KHTML, like Gecko) Version/10.1.1 Safari/603.2.5" "9.95.54.169"
43.208.237.21 - - [17/Jul/2025:16:17:51 +0300 - -] 403 "GET / HTTP/2.0" 107 "https://nasha-set.ru" "Mozilla/5.0 (Macintosh; Intel Mac OS X 10_11_6) AppleWebKit/603.2.5 (KHTML, like Gecko) Version/10.1.1 Safari/603.2.5" "9.95.54.169"
43.208.237.21 - - [17/Jul/2025:16:17:51 +0300 - -] 403 "GET / HTTP/2.0" 107 "https://nasha-set.ru" "Mozilla/5.0 (Macintosh; Intel Mac OS X 10_11_6) AppleWebKit/603.2.5 (KHTML, like Gecko) Version/10.1.1 Safari/603.2.5" "9.95.54.169"
43.208.237.21 - - [17/Jul/2025:16:17:51 +0300 - -] 403 "GET / HTTP/2.0" 107 "https://nasha-set.ru" "Mozilla/5.0 (Macintosh; Intel Mac OS X 10_11_6) AppleWebKit/603.2.5 (KHTML, like Gecko) Version/10.1.1 Safari/603.2.5" "9.95.54.169"
43.208.237.21 - - [17/Jul/2025:16:17:51 +0300 - -] 403 "GET / HTTP/2.0" 107 "https://nasha-set.ru" "Mozilla/5.0 (Macintosh; Intel Mac OS X 10_11_6) AppleWebKit/603.2.5 (KHTML, like Gecko) Version/10.1.1 Safari/603.2.5" "9.95.54.169"
43.208.237.21 - - [17/Jul/2025:16:17:51 +0300 - -] 403 "GET / HTTP/2.0" 107 "https://nasha-set.ru" "Mozilla/5.0 (Macintosh; Intel Mac OS X 10_11_6) AppleWebKit/603.2.5 (KHTML, like Gecko) Version/10.1.1 Safari/603.2.5" "9.95.54.169"
43.208.237.21 - - [17/Jul/2025:16:17:51 +0300 - -] 403 "GET / HTTP/2.0" 107 "https://nasha-set.ru" "Mozilla/5.0 (Macintosh; Intel Mac OS X 10_11_6) AppleWebKit/603.2.5 (KHTML, like Gecko) Version/10.1.1 Safari/603.2.5" "9.95.54.169"
43.208.237.21 - - [17/Jul/2025:16:17:51 +0300 - -] 403 "GET / HTTP/2.0" 107 "https://nasha-set.ru" "Mozilla/5.0 (Macintosh; Intel Mac OS X 10_11_6) AppleWebKit/603.2.5 (KHTML, like Gecko) Version/10.1.1 Safari/603.2.5" "9.95.54.169"
43.208.237.21 - - [17/Jul/2025:16:17:51 +0300 - -] 403 "GET / HTTP/2.0" 107 "https://nasha-set.ru" "Mozilla/5.0 (Macintosh; Intel Mac OS X 10_11_6) AppleWebKit/603.2.5 (KHTML, like Gecko) Version/10.1.1 Safari/603.2.5" "9.95.54.169"
43.208.237.21 - - [17/Jul/2025:16:17:51 +0300 - -] 403 "GET / HTTP/2.0" 107 "https://nasha-set.ru" "Mozilla/5.0 (Macintosh; Intel Mac OS X 10_11_6) AppleWebKit/603.2.5 (KHTML, like Gecko) Version/10.1.1 Safari/603.2.5" "9.95.54.169"
43.208.237.21 - - [17/Jul/2025:16:17:51 +0300 - -] 403 "GET / HTTP/2.0" 107 "https://nasha-set.ru" "Mozilla/5.0 (Macintosh; Intel Mac OS X 10_11_6) AppleWebKit/603.2.5 (KHTML, like Gecko) Version/10.1.1 Safari/603.2.5" "9.95.54.169"
43.208.237.21 - - [17/Jul/2025:16:17:51 +0300 - -] 403 "GET / HTTP/2.0" 107 "https://nasha-set.ru" "Mozilla/5.0 (Macintosh; Intel Mac OS X 10_11_6) AppleWebKit/603.2.5 (KHTML, like Gecko) Version/10.1.1 Safari/603.2.5" "9.95.54.169"
43.208.237.21 - - [17/Jul/2025:16:17:51 +0300 - -] 403 "GET / HTTP/2.0" 107 "https://nasha-set.ru" "Mozilla/5.0 (Macintosh; Intel Mac OS X 10_11_6) AppleWebKit/603.2.5 (KHTML, like Gecko) Version/10.1.1 Safari/603.2.5" "9.95.54.169"
43.208.237.21 - - [17/Jul/2025:16:17:51 +0300 - -] 403 "GET / HTTP/2.0" 107 "https://nasha-set.ru" "Mozilla/5.0 (Macintosh; Intel Mac OS X 10_11_6) AppleWebKit/603.2.5 (KHTML, like Gecko) Version/10.1.1 Safari/603.2.5" "9.95.54.169"
43.208.237.21 - - [17/Jul/2025:16:17:51 +0300 - -] 403 "GET / HTTP/2.0" 107 "https://nasha-set.ru" "Mozilla/5.0 (Macintosh; Intel Mac OS X 10_11_6) AppleWebKit/603.2.5 (KHTML, like Gecko) Version/10.1.1 Safari/603.2.5" "9.95.54.169"
156.234.180.78 - - [17/Jul/2025:16:17:51 +0300 - -] 403 "GET / HTTP/1.3" 118 "https://nasha-set.ru" "Mozilla/5.0 (Wayland like X11; Fedora 36; Linux x86_64; rv:101.0) Gecko/20100101 Firefox/101.0" "-"
43.208.128.175 - - [17/Jul/2025:16:17:51 +0300 - -] 403 "GET / HTTP/1.3" 118 "https://nasha-set.ru" "Opera/9.50 (X11; Linux x86_64; sl-SI) Presto/2.11.299 Version/10.00" "-"
106.198.28.67 - - [17/Jul/2025:16:17:50 +0300 - 0.000] 502 "GET / HTTP/2.0" 1135 "https://nasha-set.ru" "Mozilla/5.0 (Windows NT 10.0; Win64; x64) AppleWebKit/537.36 (KHTML, like Gecko) Chrome/98.0.4758.102 Safari/537.36 Edg/98.0.1108.62" "14.143.222.113"
106.198.28.67 - - [17/Jul/2025:16:17:50 +0300 - 0.000] 502 "GET / HTTP/2.0" 1135 "https://nasha-set.ru" "Mozilla/5.0 (Windows NT 10.0; Win64; x64) AppleWebKit/537.36 (KHTML, like Gecko) Chrome/98.0.4758.102 Safari/537.36 Edg/98.0.1108.62" "14.143.222.113"
46.36.123.66 - - [17/Jul/2025:16:17:52 +0300 - 0.000] 502 "GET / HTTP/2.0" 1135 "https://nasha-set.ru" "Mozilla/5.0 (Windows NT 10.0; Win64; x64; rv:100.0) Gecko/20100101 Firefox/100.0" "46.36.123.69"
46.36.123.66 - - [17/Jul/2025:16:17:52 +0300 - 0.000] 502 "GET / HTTP/2.0" 1135 "https://nasha-set.ru" "Mozilla/5.0 (Windows NT 10.0; Win64; x64; rv:100.0) Gecko/20100101 Firefox/100.0" "46.36.123.69"
46.105.50.180 - - [17/Jul/2025:16:17:52 +0300 - 0.000] 502 "GET / HTTP/1.3" 1135 "https://nasha-set.ru" "Mozilla/5.0 (Wayland like X11; Fedora 36; Linux x86_64; rv:101.0) Gecko/20100101 Firefox/101.0" "-"
156.234.180.77 - - [17/Jul/2025:16:17:52 +0300 - -] 403 "GET /?BiL9=VNU7 HTTP/1.3" 180 "https://nasha-set.ru" "Mozilla/5.0 (Windows NT 10.0; Win64; x64) AppleWebKit/537.36 (KHTML, like Gecko) Chrome/101.0.4951.41 Safari/537.36 Edg/101.0.1210.32" "-"
103.220.23.107 - - [17/Jul/2025:16:17:50 +0300 - 0.000] 502 "GET / HTTP/2.0" 1135 "https://nasha-set.ru" "Mozilla/5.0 (Windows NT 10.0; Win64; x64) AppleWebKit/537.36 (KHTML, like Gecko) Chrome/98.0.4758.102 Safari/537.36 Edg/98.0.1108.62" "103.220.23.107"
27.62.137.114 - - [17/Jul/2025:16:17:52 +0300 - 0.000] 502 "GET / HTTP/1.3" 1135 "https://nasha-set.ru" "Mozilla/5.0 (Android 5.0.1; Mobile; rv:101.0) Gecko/101.0 Firefox/101.0" "-"
46.105.50.180 - - [17/Jul/2025:16:17:52 +0300 - 0.000] 502 "GET / HTTP/1.3" 1135 "https://nasha-set.ru" "Mozilla/5.0 (X11; U; Linux x86_64; en-GB; rv:100.0) Gecko/20071101 Firefox/100.0" "-"
156.234.180.77 - - [17/Jul/2025:16:17:52 +0300 - -] 403 "GET /?D534=OiaK HTTP/1.3" 180 "https://nasha-set.ru" "Mozilla/5.0 (Windows NT 10.0; Win64; x64) AppleWebKit/537.36 (KHTML, like Gecko) Chrome/100.0.4896.88 Safari/537.36" "-"
103.220.23.107 - - [17/Jul/2025:16:17:50 +0300 - 0.000] 502 "GET / HTTP/2.0" 1135 "https://nasha-set.ru" "Mozilla/5.0 (Windows NT 10.0; Win64; x64) AppleWebKit/537.36 (KHTML, like Gecko) Chrome/98.0.4758.102 Safari/537.36 Edg/98.0.1108.62" "103.220.23.107"
46.105.50.180 - - [17/Jul/2025:16:17:52 +0300 - 0.000] 502 "GET / HTTP/1.3" 1135 "https://nasha-set.ru" "Mozilla/5.0 (Wayland like X11; Fedora 36; Linux x86_64; rv:101.0) Gecko/20100101 Firefox/101.0" "-"
193.124.92.4 - - [17/Jul/2025:16:17:51 +0300 - 0.000] 502 "GET / HTTP/1.3" 1135 "https://nasha-set.ru" "Mozilla/5.0 (Android 6.0.1; Mobile; rv:101.0) Gecko/101.0 Firefox/101.0" "-"
156.234.180.77 - - [17/Jul/2025:16:17:52 +0300 - -] 403 "GET /?DJze=929e HTTP/1.3" 180 "https://nasha-set.ru" "Mozilla/5.0 (Windows NT 10.0; Win64; x64) AppleWebKit/537.36 (KHTML, like Gecko) Chrome/98.0.4758.102 Safari/537.36 OPR/84.0.4316.21" "-"
156.234.180.78 - - [17/Jul/2025:16:17:51 +0300 - -] 403 "GET / HTTP/1.3" 180 "https://nasha-set.ru" "Mozilla/5.0 (Windows NT 6.1; WOW64) AppleWebKit/537.36 (KHTML, like Gecko) Chrome/65.0.3325.181 Safari/537.36 OPR/52.0.2871.64 (Edition FCR)" "-"
103.220.23.107 - - [17/Jul/2025:16:17:50 +0300 - 0.000] 502 "GET / HTTP/2.0" 1135 "https://nasha-set.ru" "Mozilla/5.0 (Windows NT 10.0; Win64; x64) AppleWebKit/537.36 (KHTML, like Gecko) Chrome/98.0.4758.102 Safari/537.36 Edg/98.0.1108.62" "103.220.23.107"
46.105.50.180 - - [17/Jul/2025:16:17:52 +0300 - 0.000] 502 "GET / HTTP/1.3" 1135 "https://nasha-set.ru" "Mozilla/5.0 (Android 5.0.1; Mobile; rv:101.0) Gecko/101.0 Firefox/101.0" "-"
193.124.92.4 - - [17/Jul/2025:16:17:51 +0300 - 0.000] 502 "GET / HTTP/1.3" 1135 "https://nasha-set.ru" "Mozilla/5.0 (Linux; Android 11; ASUS_I01WD) AppleWebKit/537.36 (KHTML, like Gecko) Chrome/102.0.5005.78 Mobile Safari/537.36" "-"
156.234.180.77 - - [17/Jul/2025:16:17:52 +0300 - -] 403 "GET /?QVcy=hZ4y HTTP/1.3" 180 "https://nasha-set.ru" "Mozilla/5.0 (Windows NT 10.0; Win64; x64) AppleWebKit/537.36 (KHTML, like Gecko) Chrome/100.0.4896.127 Safari/537.36 Edg/100.0.1185.50" "-"
156.234.180.78 - - [17/Jul/2025:16:17:51 +0300 - -] 403 "GET / HTTP/1.3" 180 "https://nasha-set.ru" "Mozilla/5.0 (Linux; Android 12; SM-G980F Build/SP1A.210812.016; wv) AppleWebKit/537.36 (KHTML, like Gecko) Version/4.0 Chrome/102.0.5005.78 Mobile Safari/537.36" "-"
103.220.23.107 - - [17/Jul/2025:16:17:50 +0300 - 0.000] 502 "GET / HTTP/2.0" 1135 "https://nasha-set.ru" "Mozilla/5.0 (Windows NT 10.0; Win64; x64) AppleWebKit/537.36 (KHTML, like Gecko) Chrome/98.0.4758.102 Safari/537.36 Edg/98.0.1108.62" "103.220.23.107"
193.124.92.4 - - [17/Jul/2025:16:17:51 +0300 - 0.000] 502 "GET / HTTP/1.3" 1135 "https://nasha-set.ru" "Opera/9.80 (Windows NT 6.0; WOW64; MRA 6.0 (build 5831)) Presto/2.12.388 Version/12.18" "-"
46.105.50.180 - - [17/Jul/2025:16:17:52 +0300 - 0.000] 502 "GET / HTTP/1.3" 1135 "https://nasha-set.ru" "Mozilla/5.0 (Windows NT 6.2; rv:10.0) Gecko/20100101 Firefox/40.0" "-"
156.234.180.78 - - [17/Jul/2025:16:17:51 +0300 - -] 403 "GET / HTTP/1.3" 180 "https://nasha-set.ru" "Mozilla/5.0 (Linux; Android 10; ONEPLUS A5000) AppleWebKit/537.36 (KHTML, like Gecko) Chrome/93.0.4577.75 Mobile Safari/537.36 ABB/3.1.0" "-"
156.234.180.77 - - [17/Jul/2025:16:17:52 +0300 - -] 403 "GET /?UY81=Cmb8 HTTP/1.3" 180 "https://nasha-set.ru" "Mozilla/5.0 (Windows NT 10.0; Win64; x64) AppleWebKit/537.36 (KHTML, like Gecko) Chrome/100.0.4896.88 Safari/537.36" "-"
106.198.28.67 - - [17/Jul/2025:16:17:50 +0300 - 0.000] 502 "GET / HTTP/2.0" 1135 "https://nasha-set.ru" "Mozilla/5.0 (Windows NT 10.0; Win64; x64) AppleWebKit/537.36 (KHTML, like Gecko) Chrome/98.0.4758.102 Safari/537.36 Edg/98.0.1108.62" "14.143.222.113"
46.36.123.66 - - [17/Jul/2025:16:17:52 +0300 - 0.000] 502 "GET / HTTP/2.0" 1135 "https://nasha-set.ru" "Mozilla/5.0 (Windows NT 10.0; Win64; x64; rv:100.0) Gecko/20100101 Firefox/100.0" "46.36.123.69"
193.124.92.4 - - [17/Jul/2025:16:17:51 +0300 - 0.000] 502 "GET / HTTP/1.3" 1135 "https://nasha-set.ru" "Mozilla/5.0 (X11; Linux x86_64) AppleWebKit/537.36 (KHTML, like Gecko) Chrome/66.0.3359.81 Safari/537.36 OPR/53.0.2907.14 (Edition beta)" "-"
156.234.180.78 - - [17/Jul/2025:16:17:51 +0300 - -] 403 "GET / HTTP/1.3" 180 "https://nasha-set.ru" "Mozilla/5.0 (Linux; Android 11; moto g 5G) AppleWebKit/537.36 (KHTML, like Gecko) Chrome/101.0.4951.64 Mobile Safari/537.36 EdgA/101.0.1210.53" "-"
106.198.28.67 - - [17/Jul/2025:16:17:50 +0300 - 0.000] 502 "GET / HTTP/2.0" 1135 "https://nasha-set.ru" "Mozilla/5.0 (Windows NT 10.0; Win64; x64) AppleWebKit/537.36 (KHTML, like Gecko) Chrome/98.0.4758.102 Safari/537.36 Edg/98.0.1108.62" "14.143.222.113"
46.36.123.66 - - [17/Jul/2025:16:17:52 +0300 - 0.000] 502 "GET / HTTP/2.0" 1135 "https://nasha-set.ru" "Mozilla/5.0 (Windows NT 10.0; Win64; x64; rv:100.0) Gecko/20100101 Firefox/100.0" "46.36.123.69"
46.105.50.180 - - [17/Jul/2025:16:17:52 +0300 - 0.000] 502 "GET / HTTP/1.3" 1135 "https://nasha-set.ru" "Mozilla/5.0 (X11; U; Linux x86_64; en-GB; rv:100.0) Gecko/20071101 Firefox/100.0" "-"
156.234.180.77 - - [17/Jul/2025:16:17:52 +0300 - -] 403 "GET /?edbf=IUuw HTTP/1.3" 180 "https://nasha-set.ru" "Mozilla/5.0 (Windows NT 10.0; Win64; x64) AppleWebKit/537.36 (KHTML, like Gecko) Chrome/98.0.4758.102 Safari/537.36 OPR/84.0.4316.21" "-"
103.75.85.132 - - [17/Jul/2025:16:17:52 +0300 - 0.000] 502 "GET / HTTP/2.0" 1135 "https://nasha-set.ru" "Mozilla/5.0 (Windows NT 10.0; Win64; x64) AppleWebKit/537.36 (KHTML, like Gecko) Chrome/101.0.4951.26 Safari/537.36 Edg/101.0.1210.14" "103.75.85.132"
46.36.123.66 - - [17/Jul/2025:16:17:52 +0300 - 0.000] 502 "GET / HTTP/2.0" 1135 "https://nasha-set.ru" "Mozilla/5.0 (Windows NT 10.0; Win64; x64; rv:100.0) Gecko/20100101 Firefox/100.0" "46.36.123.69"
103.75.85.132 - - [17/Jul/2025:16:17:52 +0300 - 0.000] 502 "GET / HTTP/2.0" 1135 "https://nasha-set.ru" "Mozilla/5.0 (Windows NT 10.0; Win64; x64) AppleWebKit/537.36 (KHTML, like Gecko) Chrome/101.0.4951.26 Safari/537.36 Edg/101.0.1210.14" "103.75.85.132"
154.9.248.142 - - [17/Jul/2025:16:17:52 +0300 - 0.000] 502 "GET / HTTP/1.3" 1135 "https://nasha-set.ru" "Mozilla/5.0 (Wayland like X11; Fedora 36; Linux x86_64; rv:101.0) Gecko/20100101 Firefox/101.0" "-"
43.208.241.71 - - [17/Jul/2025:16:17:52 +0300 - -] 403 "GET /?Ng2c=wp9E HTTP/1.3" 118 "https://nasha-set.ru" "Mozilla/5.0 (Windows NT 10.0; Win64; x64; rv:100.0) Gecko/20100101 Firefox/100.0" "-"
156.234.180.125 - - [17/Jul/2025:16:17:52 +0300 - -] 403 "GET /?QRb3=GLTF HTTP/1.3" 118 "https://nasha-set.ru" "Mozilla/5.0 (Windows NT 10.0; Win64; x64) AppleWebKit/537.36 (KHTML, like Gecko)" "-"
46.36.123.66 - - [17/Jul/2025:16:17:52 +0300 - 0.000] 502 "GET / HTTP/2.0" 1135 "https://nasha-set.ru" "Mozilla/5.0 (Windows NT 10.0; Win64; x64; rv:100.0) Gecko/20100101 Firefox/100.0" "46.36.123.69"
103.75.85.132 - - [17/Jul/2025:16:17:52 +0300 - 0.000] 502 "GET / HTTP/2.0" 1135 "https://nasha-set.ru" "Mozilla/5.0 (Windows NT 10.0; Win64; x64) AppleWebKit/537.36 (KHTML, like Gecko) Chrome/101.0.4951.26 Safari/537.36 Edg/101.0.1210.14" "103.75.85.132"
