43.208.241.239 - - [17/Jul/2025:16:17:50 +0300 - -] 403 "GET / HTTP/2.0" 548 "https://nasha-set.ru" "Mozilla/5.0 (Windows NT 10.0; Win64; x64) AppleWebKit/537.36 (KHTML, like Gecko) Chrome/94.0.4606.81 Safari/537.36 OPR/80.0.4170.86" "51.79.175.223"
43.208.241.239 - - [17/Jul/2025:16:17:50 +0300 - -] 403 "GET / HTTP/2.0" 548 "https://nasha-set.ru" "Mozilla/5.0 (Windows NT 10.0; Win64; x64) AppleWebKit/537.36 (KHTML, like Gecko) Chrome/94.0.4606.81 Safari/537.36 OPR/80.0.4170.86" "51.79.175.223"
43.208.241.239 - - [17/Jul/2025:16:17:50 +0300 - -] 403 "GET / HTTP/2.0" 548 "https://nasha-set.ru" "Mozilla/5.0 (Windows NT 10.0; Win64; x64) AppleWebKit/537.36 (KHTML, like Gecko) Chrome/94.0.4606.81 Safari/537.36 OPR/80.0.4170.86" "51.79.175.223"
43.208.241.239 - - [17/Jul/2025:16:17:50 +0300 - -] 403 "GET / HTTP/2.0" 548 "https://nasha-set.ru" "Mozilla/5.0 (Windows NT 10.0; Win64; x64) AppleWebKit/537.36 (KHTML, like Gecko) Chrome/94.0.4606.81 Safari/537.36 OPR/80.0.4170.86" "51.79.175.223"
43.208.241.239 - - [17/Jul/2025:16:17:50 +0300 - -] 403 "GET / HTTP/2.0" 548 "https://nasha-set.ru" "Mozilla/5.0 (Windows NT 10.0; Win64; x64) AppleWebKit/537.36 (KHTML, like Gecko) Chrome/94.0.4606.81 Safari/537.36 OPR/80.0.4170.86" "51.79.175.223"
43.208.241.239 - - [17/Jul/2025:16:17:50 +0300 - -] 403 "GET / HTTP/2.0" 548 "https://nasha-set.ru" "Mozilla/5.0 (Windows NT 10.0; Win64; x64) AppleWebKit/537.36 (KHTML, like Gecko) Chrome/94.0.4606.81 Safari/537.36 OPR/80.0.4170.86" "51.79.175.223"
43.208.241.239 - - [17/Jul/2025:16:17:50 +0300 - -] 403 "GET / HTTP/2.0" 548 "https://nasha-set.ru" "Mozilla/5.0 (Windows NT 10.0; Win64; x64) AppleWebKit/537.36 (KHTML, like Gecko) Chrome/94.0.4606.81 Safari/537.36 OPR/80.0.4170.86" "51.79.175.223"
165.227.95.171 - - [17/Jul/2025:16:17:50 +0300 - 0.000] 502 "GET / HTTP/1.3" 1135 "https://nasha-set.ru" "Mozilla/5.0 (Linux; Android 11; SM-A127F) AppleWebKit/537.36 (KHTML, like Gecko) Chrome/102.0.5005.63 Mobile Safari/537.36 EdgA/102.0.1245.30" "-"
165.227.95.171 - - [17/Jul/2025:16:17:50 +0300 - 0.000] 502 "GET / HTTP/1.3" 1135 "https://nasha-set.ru" "Mozilla/5.0 (Android 11; Mobile; rv:103.0) Gecko/103.0 Firefox/103.0" "-"
165.227.95.171 - - [17/Jul/2025:16:17:50 +0300 - 0.000] 502 "GET / HTTP/1.3" 1135 "https://nasha-set.ru" "Mozilla/5.0 (Windows NT 6.1; WOW64) AppleWebKit/537.36 (KHTML, like Gecko) Chrome/65.0.3325.181 Safari/537.36 OPR/52.0.2871.64 (Edition FCR)" "-"
46.105.50.180 - - [17/Jul/2025:16:17:52 +0300 - 0.000] 502 "GET / HTTP/1.3" 1135 "https://nasha-set.ru" "Opera/9.50 (X11; Linux x86_64; sl-SI) Presto/2.11.299 Version/10.00" "-"
103.75.85.132 - - [17/Jul/2025:16:17:52 +0300 - 0.000] 502 "GET / HTTP/2.0" 1135 "https://nasha-set.ru" "Mozilla/5.0 (Windows NT 10.0; Win64; x64) AppleWebKit/537.36 (KHTML, like Gecko) Chrome/101.0.4951.26 Safari/537.36 Edg/101.0.1210.14" "103.75.85.132"
51.38.159.202 - - [17/Jul/2025:16:17:52 +0300 - 0.000] 502 "GET / HTTP/1.3" 1135 "https://nasha-set.ru" "Mozilla/5.0 (Linux; Android 10; ANA-NX9) AppleWebKit/537.36 (KHTML, like Gecko) Chrome/101.0.4951.64 Mobile Safari/537.36 EdgA/101.0.1210.53" "-"
156.234.180.77 - - [17/Jul/2025:16:17:52 +0300 - -] 403 "GET /?Fcvt=uE9M HTTP/1.3" 180 "https://nasha-set.ru" "Mozilla/5.0 (Windows NT 10.0; Win64; x64) AppleWebKit/537.36 (KHTML, like Gecko) Chrome/101.0.4951.41 Safari/537.36 Edg/101.0.1210.32" "-"
43.208.128.123 - - [17/Jul/2025:16:17:52 +0300 - -] 403 "GET / HTTP/1.3" 180 "https://nasha-set.ru" "Mozilla/5.0 (Linux; Android 12; CPH2173 Build/RKQ1.211103.002; wv) AppleWebKit/537.36 (KHTML, like Gecko) Version/4.0 Chrome/102.0.5005.78 Mobile Safari/537.36" "-"
156.234.134.33 - - [17/Jul/2025:16:17:52 +0300 - -] 403 "GET /?U5Gz=pH5F HTTP/1.3" 180 "https://nasha-set.ru" "Mozilla/5.0 (Windows NT 10.0; Win64; x64) AppleWebKit/537.36 (KHTML, like Gecko) Chrome/98.0.4758.102 Safari/537.36 Edg/98.0.1108.62" "-"
103.220.23.107 - - [17/Jul/2025:16:17:50 +0300 - 0.000] 502 "GET / HTTP/2.0" 1135 "https://nasha-set.ru" "Mozilla/5.0 (Windows NT 10.0; Win64; x64) AppleWebKit/537.36 (KHTML, like Gecko) Chrome/98.0.4758.102 Safari/537.36 Edg/98.0.1108.62" "103.220.23.107"
103.75.85.132 - - [17/Jul/2025:16:17:52 +0300 - 0.000] 502 "GET / HTTP/2.0" 1135 "https://nasha-set.ru" "Mozilla/5.0 (Windows NT 10.0; Win64; x64) AppleWebKit/537.36 (KHTML, like Gecko) Chrome/101.0.4951.26 Safari/537.36 Edg/101.0.1210.14" "103.75.85.132"
103.220.23.107 - - [17/Jul/2025:16:17:50 +0300 - 0.000] 502 "GET / HTTP/2.0" 1135 "https://nasha-set.ru" "Mozilla/5.0 (Windows NT 10.0; Win64; x64) AppleWebKit/537.36 (KHTML, like Gecko) Chrome/98.0.4758.102 Safari/537.36 Edg/98.0.1108.62" "103.220.23.107"
165.227.95.171 - - [17/Jul/2025:16:17:50 +0300 - 0.000] 502 "GET / HTTP/1.3" 1135 "https://nasha-set.ru" "Mozilla/5.0 (Windows NT 10.0; Win64; x64) AppleWebKit/537.36 (KHTML, like Gecko) Chrome/102.0.5005.63 Safari/537.36 Edg/102.0.1245.33" "-"
103.220.23.107 - - [17/Jul/2025:16:17:50 +0300 - 0.000] 502 "GET / HTTP/2.0" 1135 "https://nasha-set.ru" "Mozilla/5.0 (Windows NT 10.0; Win64; x64) AppleWebKit/537.36 (KHTML, like Gecko) Chrome/98.0.4758.102 Safari/537.36 Edg/98.0.1108.62" "103.220.23.107"
65.21.193.198 - - [17/Jul/2025:16:17:51 +0300 - 0.000] 502 "GET / HTTP/2.0" 1135 "https://nasha-set.ru" "Mozilla/5.0 (Windows NT 10.0; Win64; x64) AppleWebKit/537.36 (KHTML, like Gecko)" "65.21.193.198"
103.220.23.107 - - [17/Jul/2025:16:17:50 +0300 - 0.000] 502 "GET / HTTP/2.0" 1135 "https://nasha-set.ru" "Mozilla/5.0 (Windows NT 10.0; Win64; x64) AppleWebKit/537.36 (KHTML, like Gecko) Chrome/98.0.4758.102 Safari/537.36 Edg/98.0.1108.62" "103.220.23.107"
65.21.193.198 - - [17/Jul/2025:16:17:51 +0300 - 0.000] 502 "GET / HTTP/2.0" 1135 "https://nasha-set.ru" "Mozilla/5.0 (Windows NT 10.0; Win64; x64) AppleWebKit/537.36 (KHTML, like Gecko)" "65.21.193.198"
103.220.23.107 - - [17/Jul/2025:16:17:50 +0300 - 0.000] 502 "GET / HTTP/2.0" 1135 "https://nasha-set.ru" "Mozilla/5.0 (Windows NT 10.0; Win64; x64) AppleWebKit/537.36 (KHTML, like Gecko) Chrome/98.0.4758.102 Safari/537.36 Edg/98.0.1108.62" "103.220.23.107"
8.212.165.33 - - [17/Jul/2025:16:17:50 +0300 - 0.000] 502 "GET / HTTP/2.0" 1135 "https://nasha-set.ru" "Mozilla/5.0 (iPad; CPU OS 10_3_1 like Mac OS X) AppleWebKit/603.1.30 (KHTML, like Gecko) Version/10.0 Mobile/14E304 Safari/602.1" "120.227.160.228"
8.212.165.33 - - [17/Jul/2025:16:17:50 +0300 - 0.000] 502 "GET / HTTP/2.0" 1135 "https://nasha-set.ru" "Mozilla/5.0 (iPad; CPU OS 10_3_1 like Mac OS X) AppleWebKit/603.1.30 (KHTML, like Gecko) Version/10.0 Mobile/14E304 Safari/602.1" "120.227.160.228"
103.220.23.107 - - [17/Jul/2025:16:17:50 +0300 - 0.000] 502 "GET / HTTP/2.0" 1135 "https://nasha-set.ru" "Mozilla/5.0 (Windows NT 10.0; Win64; x64) AppleWebKit/537.36 (KHTML, like Gecko) Chrome/98.0.4758.102 Safari/537.36 Edg/98.0.1108.62" "103.220.23.107"
194.226.236.229 - - [17/Jul/2025:16:17:52 +0300 - 0.000] 502 "GET / HTTP/1.3" 1135 "https://nasha-set.ru" "Opera/9.50 (X11; Linux x86_64; sl-SI) Presto/2.11.299 Version/10.00" "-"
103.75.85.132 - - [17/Jul/2025:16:17:52 +0300 - 0.000] 502 "GET / HTTP/2.0" 1135 "https://nasha-set.ru" "Mozilla/5.0 (Windows NT 10.0; Win64; x64) AppleWebKit/537.36 (KHTML, like Gecko) Chrome/101.0.4951.26 Safari/537.36 Edg/101.0.1210.14" "103.75.85.132"
185.192.247.227 - - [17/Jul/2025:16:17:52 +0300 - 0.000] 502 "GET /?kloQ=0ore HTTP/1.3" 1135 "https://nasha-set.ru" "Mozilla/5.0 (Windows NT 10.0; Win64; x64) AppleWebKit/537.36 (KHTML, like Gecko) Chrome/100.0.4896.127 Safari/537.36 Edg/100.0.1185.50" "-"
103.75.85.132 - - [17/Jul/2025:16:17:52 +0300 - 0.000] 502 "GET / HTTP/2.0" 1135 "https://nasha-set.ru" "Mozilla/5.0 (Windows NT 10.0; Win64; x64) AppleWebKit/537.36 (KHTML, like Gecko) Chrome/101.0.4951.26 Safari/537.36 Edg/101.0.1210.14" "103.75.85.132"
103.220.23.107 - - [17/Jul/2025:16:17:50 +0300 - 0.000] 502 "GET / HTTP/2.0" 1135 "https://nasha-set.ru" "Mozilla/5.0 (Windows NT 10.0; Win64; x64) AppleWebKit/537.36 (KHTML, like Gecko) Chrome/98.0.4758.102 Safari/537.36 Edg/98.0.1108.62" "103.220.23.107"
46.105.50.180 - - [17/Jul/2025:16:17:52 +0300 - 0.000] 502 "GET / HTTP/1.3" 1135 "https://nasha-set.ru" "Mozilla/5.0 (Windows NT 6.3; WOW64) AppleWebKit/537.36 (KHTML, like Gecko) Chrome/45.0.2454.85 Safari/537.36 OPR/32.0.1948.25" "-"
65.21.193.198 - - [17/Jul/2025:16:17:51 +0300 - 0.000] 502 "GET / HTTP/2.0" 1135 "https://nasha-set.ru" "Mozilla/5.0 (Windows NT 10.0; Win64; x64) AppleWebKit/537.36 (KHTML, like Gecko)" "65.21.193.198"
103.220.23.107 - - [17/Jul/2025:16:17:50 +0300 - 0.000] 502 "GET / HTTP/2.0" 1135 "https://nasha-set.ru" "Mozilla/5.0 (Windows NT 10.0; Win64; x64) AppleWebKit/537.36 (KHTML, like Gecko) Chrome/98.0.4758.102 Safari/537.36 Edg/98.0.1108.62" "103.220.23.107"
65.21.193.198 - - [17/Jul/2025:16:17:51 +0300 - 0.000] 502 "GET / HTTP/2.0" 1135 "https://nasha-set.ru" "Mozilla/5.0 (Windows NT 10.0; Win64; x64) AppleWebKit/537.36 (KHTML, like Gecko)" "65.21.193.198"
51.38.159.202 - - [17/Jul/2025:16:17:52 +0300 - 0.000] 502 "GET / HTTP/1.3" 1135 "https://nasha-set.ru" "Mozilla/5.0 (Linux; Android 10; ANA-NX9) AppleWebKit/537.36 (KHTML, like Gecko) Chrome/101.0.4951.64 Mobile Safari/537.36 EdgA/101.0.1210.53" "-"
156.234.180.77 - - [17/Jul/2025:16:17:52 +0300 - -] 403 "GET /?mpCT=NKQr HTTP/1.3" 180 "https://nasha-set.ru" "Mozilla/5.0 (Windows NT 10.0; Win64; x64) AppleWebKit/537.36 (KHTML, like Gecko) Chrome/98.0.4758.102 Safari/537.36 Edg/98.0.1108.62" "-"
46.226.164.123 - - [17/Jul/2025:16:17:52 +0300 - 0.000] 502 "GET / HTTP/1.3" 1135 "https://nasha-set.ru" "Mozilla/5.0 (X11; U; Linux x86_64; en-GB; rv:100.0) Gecko/20071101 Firefox/100.0" "-"
103.220.23.107 - - [17/Jul/2025:16:17:50 +0300 - 0.000] 502 "GET / HTTP/2.0" 1135 "https://nasha-set.ru" "Mozilla/5.0 (Windows NT 10.0; Win64; x64) AppleWebKit/537.36 (KHTML, like Gecko) Chrome/98.0.4758.102 Safari/537.36 Edg/98.0.1108.62" "103.220.23.107"
103.75.85.132 - - [17/Jul/2025:16:17:52 +0300 - 0.000] 502 "GET / HTTP/2.0" 1135 "https://nasha-set.ru" "Mozilla/5.0 (Windows NT 10.0; Win64; x64) AppleWebKit/537.36 (KHTML, like Gecko) Chrome/101.0.4951.26 Safari/537.36 Edg/101.0.1210.14" "103.75.85.132"
103.220.23.107 - - [17/Jul/2025:16:17:50 +0300 - 0.000] 502 "GET / HTTP/2.0" 1135 "https://nasha-set.ru" "Mozilla/5.0 (Windows NT 10.0; Win64; x64) AppleWebKit/537.36 (KHTML, like Gecko) Chrome/98.0.4758.102 Safari/537.36 Edg/98.0.1108.62" "103.220.23.107"
46.36.123.66 - - [17/Jul/2025:16:17:52 +0300 - 0.000] 502 "GET / HTTP/2.0" 1135 "https://nasha-set.ru" "Mozilla/5.0 (Windows NT 10.0; Win64; x64; rv:100.0) Gecko/20100101 Firefox/100.0" "46.36.123.69"
103.75.85.132 - - [17/Jul/2025:16:17:52 +0300 - 0.000] 502 "GET / HTTP/2.0" 1135 "https://nasha-set.ru" "Mozilla/5.0 (Windows NT 10.0; Win64; x64) AppleWebKit/537.36 (KHTML, like Gecko) Chrome/101.0.4951.26 Safari/537.36 Edg/101.0.1210.14" "103.75.85.132"
46.36.123.66 - - [17/Jul/2025:16:17:52 +0300 - 0.000] 502 "GET / HTTP/2.0" 1135 "https://nasha-set.ru" "Mozilla/5.0 (Windows NT 10.0; Win64; x64; rv:100.0) Gecko/20100101 Firefox/100.0" "46.36.123.69"
103.75.85.132 - - [17/Jul/2025:16:17:52 +0300 - 0.000] 502 "GET / HTTP/2.0" 1135 "https://nasha-set.ru" "Mozilla/5.0 (Windows NT 10.0; Win64; x64) AppleWebKit/537.36 (KHTML, like Gecko) Chrome/101.0.4951.26 Safari/537.36 Edg/101.0.1210.14" "103.75.85.132"
65.21.193.198 - - [17/Jul/2025:16:17:51 +0300 - 0.000] 502 "GET / HTTP/2.0" 1135 "https://nasha-set.ru" "Mozilla/5.0 (Windows NT 10.0; Win64; x64) AppleWebKit/537.36 (KHTML, like Gecko)" "65.21.193.198"
65.21.193.198 - - [17/Jul/2025:16:17:51 +0300 - 0.000] 502 "GET / HTTP/2.0" 1135 "https://nasha-set.ru" "Mozilla/5.0 (Windows NT 10.0; Win64; x64) AppleWebKit/537.36 (KHTML, like Gecko)" "65.21.193.198"
65.21.193.198 - - [17/Jul/2025:16:17:51 +0300 - 0.000] 502 "GET / HTTP/2.0" 1135 "https://nasha-set.ru" "Mozilla/5.0 (Windows NT 10.0; Win64; x64) AppleWebKit/537.36 (KHTML, like Gecko)" "65.21.193.198"
46.105.50.180 - - [17/Jul/2025:16:17:52 +0300 - 0.000] 502 "GET / HTTP/1.3" 1135 "https://nasha-set.ru" "Mozilla/5.0 (X11; U; Linux x86_64; en-GB; rv:100.0) Gecko/20071101 Firefox/100.0" "-"
51.38.159.202 - - [17/Jul/2025:16:17:52 +0300 - 0.000] 502 "GET / HTTP/1.3" 1135 "https://nasha-set.ru" "Mozilla/5.0 (Android 2.2.2; Mobile; rv:61.0) Gecko/61.0 Firefox/61.0" "-"
156.234.180.77 - - [17/Jul/2025:16:17:52 +0300 - -] 403 "GET /?HR6l=tKb0 HTTP/1.3" 180 "https://nasha-set.ru" "Mozilla/5.0 (Windows NT 10.0; Win64; WOW64) AppleWebKit/537.36 (KHTML, like Gecko) Chrome/99.0.4844.84 Safari/537.36 OPR/85.0.4341.60" "-"
8.212.165.33 - - [17/Jul/2025:16:17:50 +0300 - 0.000] 502 "GET / HTTP/2.0" 1135 "https://nasha-set.ru" "Mozilla/5.0 (iPad; CPU OS 10_3_1 like Mac OS X) AppleWebKit/603.1.30 (KHTML, like Gecko) Version/10.0 Mobile/14E304 Safari/602.1" "120.227.160.228"
46.105.50.180 - - [17/Jul/2025:16:17:52 +0300 - 0.000] 502 "GET / HTTP/1.3" 1135 "https://nasha-set.ru" "Mozilla/5.0 (X11; Linux x86_64) AppleWebKit/537.36 (KHTML, like Gecko) Chrome/66.0.3359.81 Safari/537.36 OPR/53.0.2907.14 (Edition beta)" "-"
8.212.165.33 - - [17/Jul/2025:16:17:50 +0300 - 0.000] 502 "GET / HTTP/2.0" 1135 "https://nasha-set.ru" "Mozilla/5.0 (iPad; CPU OS 10_3_1 like Mac OS X) AppleWebKit/603.1.30 (KHTML, like Gecko) Version/10.0 Mobile/14E304 Safari/602.1" "120.227.160.228"
103.75.85.132 - - [17/Jul/2025:16:17:52 +0300 - 0.000] 502 "GET / HTTP/2.0" 1135 "https://nasha-set.ru" "Mozilla/5.0 (Windows NT 10.0; Win64; x64) AppleWebKit/537.36 (KHTML, like Gecko) Chrome/101.0.4951.26 Safari/537.36 Edg/101.0.1210.14" "103.75.85.132"
103.75.85.132 - - [17/Jul/2025:16:17:52 +0300 - 0.000] 502 "GET / HTTP/2.0" 1135 "https://nasha-set.ru" "Mozilla/5.0 (Windows NT 10.0; Win64; x64) AppleWebKit/537.36 (KHTML, like Gecko) Chrome/101.0.4951.26 Safari/537.36 Edg/101.0.1210.14" "103.75.85.132"
8.212.165.33 - - [17/Jul/2025:16:17:50 +0300 - 0.000] 502 "GET / HTTP/2.0" 1135 "https://nasha-set.ru" "Mozilla/5.0 (iPad; CPU OS 10_3_1 like Mac OS X) AppleWebKit/603.1.30 (KHTML, like Gecko) Version/10.0 Mobile/14E304 Safari/602.1" "120.227.160.228"
46.36.123.66 - - [17/Jul/2025:16:17:52 +0300 - 0.000] 502 "GET / HTTP/2.0" 1135 "https://nasha-set.ru" "Mozilla/5.0 (Windows NT 10.0; Win64; x64; rv:100.0) Gecko/20100101 Firefox/100.0" "46.36.123.69"
27.62.137.114 - - [17/Jul/2025:16:17:52 +0300 - 0.000] 502 "GET / HTTP/1.3" 1135 "https://nasha-set.ru" "Mozilla/5.0 (Linux; U; Android 6.0; ru-ru; 5080X Build/MRA58K) AppleWebKit/537.36 (KHTML%2C like Gecko) Version/4.0 Mobile Safari/537.36" "-"
36.90.56.179 - - [17/Jul/2025:16:17:52 +0300 - 41.263] 200 "GET / HTTP/2.0" 55345 "https://www.bing.com/index" "Mozilla/5.0 (X11; Linux i686) AppleWebKit/537.36 (KHTML, like Gecko) Chrome/91 Safari/537.36 Edg/91" "-"
154.9.248.142 - - [17/Jul/2025:16:17:52 +0300 - 0.000] 502 "GET / HTTP/1.3" 1135 "https://nasha-set.ru" "Opera/9.80 (Windows NT 6.0; WOW64; MRA 6.0 (build 5831)) Presto/2.12.388 Version/12.18" "-"
46.36.123.66 - - [17/Jul/2025:16:17:52 +0300 - 0.000] 502 "GET / HTTP/2.0" 1135 "https://nasha-set.ru" "Mozilla/5.0 (Windows NT 10.0; Win64; x64; rv:100.0) Gecko/20100101 Firefox/100.0" "46.36.123.69"
43.208.241.71 - - [17/Jul/2025:16:17:52 +0300 - -] 403 "GET /?d4WI=FfmN HTTP/1.3" 180 "https://nasha-set.ru" "Mozilla/5.0 (Windows NT 10.0; Win64; x64) AppleWebKit/537.36 (KHTML, like Gecko) Chrome/100.0.4896.88 Safari/537.36" "-"
156.234.180.125 - - [17/Jul/2025:16:17:52 +0300 - -] 403 "GET /?JzDs=ala3 HTTP/1.3" 118 "https://nasha-set.ru" "Mozilla/5.0 (Windows NT 10.0; Win64; x64; rv:100.0) Gecko/20100101 Firefox/100.0" "-"
46.36.123.66 - - [17/Jul/2025:16:17:52 +0300 - 0.000] 502 "GET / HTTP/2.0" 1135 "https://nasha-set.ru" "Mozilla/5.0 (Windows NT 10.0; Win64; x64; rv:100.0) Gecko/20100101 Firefox/100.0" "46.36.123.69"
46.36.123.66 - - [17/Jul/2025:16:17:52 +0300 - 0.000] 502 "GET / HTTP/2.0" 1135 "https://nasha-set.ru" "Mozilla/5.0 (Windows NT 10.0; Win64; x64; rv:100.0) Gecko/20100101 Firefox/100.0" "46.36.123.69"
103.220.23.107 - - [17/Jul/2025:16:17:50 +0300 - 0.000] 502 "GET / HTTP/2.0" 1135 "https://nasha-set.ru" "Mozilla/5.0 (Windows NT 10.0; Win64; x64) AppleWebKit/537.36 (KHTML, like Gecko) Chrome/98.0.4758.102 Safari/537.36 Edg/98.0.1108.62" "103.220.23.107"
103.75.85.132 - - [17/Jul/2025:16:17:52 +0300 - 0.000] 502 "GET / HTTP/2.0" 1135 "https://nasha-set.ru" "Mozilla/5.0 (Windows NT 10.0; Win64; x64) AppleWebKit/537.36 (KHTML, like Gecko) Chrome/101.0.4951.26 Safari/537.36 Edg/101.0.1210.14" "103.75.85.132"
103.220.23.107 - - [17/Jul/2025:16:17:50 +0300 - 0.000] 502 "GET / HTTP/2.0" 1135 "https://nasha-set.ru" "Mozilla/5.0 (Windows NT 10.0; Win64; x64) AppleWebKit/537.36 (KHTML, like Gecko) Chrome/98.0.4758.102 Safari/537.36 Edg/98.0.1108.62" "103.220.23.107"
65.21.193.198 - - [17/Jul/2025:16:17:51 +0300 - 0.000] 502 "GET / HTTP/2.0" 1135 "https://nasha-set.ru" "Mozilla/5.0 (Windows NT 10.0; Win64; x64) AppleWebKit/537.36 (KHTML, like Gecko)" "65.21.193.198"
103.75.85.132 - - [17/Jul/2025:16:17:52 +0300 - 0.000] 502 "GET / HTTP/2.0" 1135 "https://nasha-set.ru" "Mozilla/5.0 (Windows NT 10.0; Win64; x64) AppleWebKit/537.36 (KHTML, like Gecko) Chrome/101.0.4951.26 Safari/537.36 Edg/101.0.1210.14" "103.75.85.132"
65.21.193.198 - - [17/Jul/2025:16:17:51 +0300 - 0.000] 502 "GET / HTTP/2.0" 1135 "https://nasha-set.ru" "Mozilla/5.0 (Windows NT 10.0; Win64; x64) AppleWebKit/537.36 (KHTML, like Gecko)" "65.21.193.198"
103.75.85.132 - - [17/Jul/2025:16:17:52 +0300 - 0.000] 502 "GET / HTTP/2.0" 1135 "https://nasha-set.ru" "Mozilla/5.0 (Windows NT 10.0; Win64; x64) AppleWebKit/537.36 (KHTML, like Gecko) Chrome/101.0.4951.26 Safari/537.36 Edg/101.0.1210.14" "103.75.85.132"
8.212.165.33 - - [17/Jul/2025:16:17:50 +0300 - 0.000] 502 "GET / HTTP/2.0" 1135 "https://nasha-set.ru" "Mozilla/5.0 (iPad; CPU OS 10_3_1 like Mac OS X) AppleWebKit/603.1.30 (KHTML, like Gecko) Version/10.0 Mobile/14E304 Safari/602.1" "120.227.160.228"
194.226.236.229 - - [17/Jul/2025:16:17:52 +0300 - 0.000] 502 "GET / HTTP/1.3" 1135 "https://nasha-set.ru" "Mozilla/5.0 (X11; Linux x86_64) AppleWebKit/537.36 (KHTML, like Gecko) Chrome/66.0.3359.81 Safari/537.36 OPR/53.0.2907.14 (Edition beta)" "-"
185.192.247.227 - - [17/Jul/2025:16:17:52 +0300 - 0.000] 502 "GET /?UcMq=rKZl HTTP/1.3" 1135 "https://nasha-set.ru" "Mozilla/5.0 (Windows NT 10.0; Win64; x64) AppleWebKit/537.36 (KHTML, like Gecko)" "-"
27.62.137.114 - - [17/Jul/2025:16:17:52 +0300 - 0.000] 502 "GET / HTTP/1.3" 1135 "https://nasha-set.ru" "Mozilla/5.0 (Android 11; Mobile; rv:103.0) Gecko/103.0 Firefox/103.0" "-"
103.75.85.132 - - [17/Jul/2025:16:17:52 +0300 - 0.000] 502 "GET / HTTP/2.0" 1135 "https://nasha-set.ru" "Mozilla/5.0 (Windows NT 10.0; Win64; x64) AppleWebKit/537.36 (KHTML, like Gecko) Chrome/101.0.4951.26 Safari/537.36 Edg/101.0.1210.14" "103.75.85.132"
103.220.23.107 - - [17/Jul/2025:16:17:50 +0300 - 0.000] 502 "GET / HTTP/2.0" 1135 "https://nasha-set.ru" "Mozilla/5.0 (Windows NT 10.0; Win64; x64) AppleWebKit/537.36 (KHTML, like Gecko) Chrome/98.0.4758.102 Safari/537.36 Edg/98.0.1108.62" "103.220.23.107"
65.21.193.198 - - [17/Jul/2025:16:17:51 +0300 - 0.000] 502 "GET / HTTP/2.0" 1135 "https://nasha-set.ru" "Mozilla/5.0 (Windows NT 10.0; Win64; x64) AppleWebKit/537.36 (KHTML, like Gecko)" "65.21.193.198"
51.38.159.202 - - [17/Jul/2025:16:17:52 +0300 - 0.000] 502 "GET / HTTP/1.3" 1135 "https://nasha-set.ru" "Mozilla/5.0 (Android 7.1.2; Mobile; rv:101.0) Gecko/101.0 Firefox/101.0" "-"
156.234.180.77 - - [17/Jul/2025:16:17:52 +0300 - -] 403 "GET /?GjrH=dzA8 HTTP/1.3" 180 "https://nasha-set.ru" "Mozilla/5.0 (Windows NT 10.0; Win64; x64) AppleWebKit/537.36 (KHTML, like Gecko) Chrome/94.0.4606.81 Safari/537.36 OPR/80.0.4170.86" "-"
103.220.23.107 - - [17/Jul/2025:16:17:50 +0300 - 0.000] 502 "GET / HTTP/2.0" 1135 "https://nasha-set.ru" "Mozilla/5.0 (Windows NT 10.0; Win64; x64) AppleWebKit/537.36 (KHTML, like Gecko) Chrome/98.0.4758.102 Safari/537.36 Edg/98.0.1108.62" "103.220.23.107"
65.21.193.198 - - [17/Jul/2025:16:17:51 +0300 - 0.000] 502 "GET / HTTP/2.0" 1135 "https://nasha-set.ru" "Mozilla/5.0 (Windows NT 10.0; Win64; x64) AppleWebKit/537.36 (KHTML, like Gecko)" "65.21.193.198"
46.105.50.180 - - [17/Jul/2025:16:17:52 +0300 - 0.000] 502 "GET / HTTP/1.3" 1135 "https://nasha-set.ru" "Mozilla/5.0 (Linux; U; Android 6.0; sr-rs; 5046Y Build/MRA58K) AppleWebKit/537.36 (KHTML%2C like Gecko) Version/4.0 Mobile Safari/537.36" "-"
103.220.23.107 - - [17/Jul/2025:16:17:50 +0300 - 0.000] 502 "GET / HTTP/2.0" 1135 "https://nasha-set.ru" "Mozilla/5.0 (Windows NT 10.0; Win64; x64) AppleWebKit/537.36 (KHTML, like Gecko) Chrome/98.0.4758.102 Safari/537.36 Edg/98.0.1108.62" "103.220.23.107"
51.38.159.202 - - [17/Jul/2025:16:17:52 +0300 - 0.000] 502 "GET / HTTP/1.3" 1135 "https://nasha-set.ru" "Mozilla/5.0 (Linux; U; Android 6.0; sr-rs; 5046Y Build/MRA58K) AppleWebKit/537.36 (KHTML%2C like Gecko) Version/4.0 Mobile Safari/537.36" "-"
156.234.180.77 - - [17/Jul/2025:16:17:52 +0300 - -] 403 "GET /?hwUF=R550 HTTP/1.3" 180 "https://nasha-set.ru" "Mozilla/5.0 (Windows NT 10.0) AppleWebKit/537.36 (KHTML, like Gecko) Chrome/101.0.4951.67 Safari/537.36" "-"
103.220.23.107 - - [17/Jul/2025:16:17:50 +0300 - 0.000] 502 "GET / HTTP/2.0" 1135 "https://nasha-set.ru" "Mozilla/5.0 (Windows NT 10.0; Win64; x64) AppleWebKit/537.36 (KHTML, like Gecko) Chrome/98.0.4758.102 Safari/537.36 Edg/98.0.1108.62" "103.220.23.107"
46.105.50.180 - - [17/Jul/2025:16:17:52 +0300 - 0.000] 502 "GET / HTTP/1.3" 1135 "https://nasha-set.ru" "Mozilla/5.0 (Linux; Android 12; CPH2173 Build/RKQ1.211103.002; wv) AppleWebKit/537.36 (KHTML, like Gecko) Version/4.0 Chrome/102.0.5005.78 Mobile Safari/537.36" "-"
154.9.248.142 - - [17/Jul/2025:16:17:52 +0300 - 0.000] 502 "GET / HTTP/1.3" 1135 "https://nasha-set.ru" "Mozilla/5.0 (Linux; Android 11; 2201117SY) AppleWebKit/537.36 (KHTML, like Gecko) Chrome/102.0.5005.78 Mobile Safari/537.36" "-"
43.208.241.71 - - [17/Jul/2025:16:17:52 +0300 - -] 403 "GET /?LiwY=CgUC HTTP/1.3" 180 "https://nasha-set.ru" "Mozilla/5.0 (Windows NT 10.0; Win64; x64) AppleWebKit/537.36 (KHTML, like Gecko) Chrome/101.0.4951.26 Safari/537.36 Edg/101.0.1210.14" "-"
156.234.180.125 - - [17/Jul/2025:16:17:52 +0300 - -] 403 "GET /?GWde=h8Hs HTTP/1.3" 180 "https://nasha-set.ru" "Mozilla/5.0 (Windows NT 10.0; Win64; x64) AppleWebKit/537.36 (KHTML, like Gecko) Chrome/94.0.4606.81 Safari/537.36 OPR/80.0.4170.86" "-"
51.38.159.202 - - [17/Jul/2025:16:17:52 +0300 - 0.000] 502 "GET / HTTP/1.3" 1135 "https://nasha-set.ru" "Opera/9.50 (X11; Linux x86_64; sl-SI) Presto/2.11.299 Version/10.00" "-"
194.226.236.229 - - [17/Jul/2025:16:17:52 +0300 - 0.000] 502 "GET / HTTP/1.3" 1135 "https://nasha-set.ru" "Mozilla/5.0 (Linux; Android 10; ONEPLUS A5000) AppleWebKit/537.36 (KHTML, like Gecko) Chrome/93.0.4577.75 Mobile Safari/537.36 ABB/3.1.0" "-"
156.234.180.77 - - [17/Jul/2025:16:17:52 +0300 - -] 403 "GET /?1iwh=IT1v HTTP/1.3" 180 "https://nasha-set.ru" "Mozilla/5.0 (Windows NT 10.0; Win64; x64) AppleWebKit/537.36 (KHTML, like Gecko) Chrome/94.0.4606.81 Safari/537.36 OPR/80.0.4170.86" "-"
46.105.50.180 - - [17/Jul/2025:16:17:52 +0300 - 0.000] 502 "GET / HTTP/1.3" 1135 "https://nasha-set.ru" "Mozilla/5.0 (X11; Linux x86_64) AppleWebKit/537.36 (KHTML, like Gecko) Chrome/66.0.3359.81 Safari/537.36 OPR/53.0.2907.14 (Edition beta)" "-"
46.36.123.66 - - [17/Jul/2025:16:17:52 +0300 - 0.000] 502 "GET / HTTP/2.0" 1135 "https://nasha-set.ru" "Mozilla/5.0 (Windows NT 10.0; Win64; x64; rv:100.0) Gecko/20100101 Firefox/100.0" "46.36.123.69"
185.192.247.227 - - [17/Jul/2025:16:17:52 +0300 - 0.000] 502 "GET /?vTET=2Un1 HTTP/1.3" 1135 "https://nasha-set.ru" "Mozilla/5.0 (Windows NT 10.0; Win64; x64) AppleWebKit/537.36 (KHTML, like Gecko) Chrome/101.0.4951.26 Safari/537.36 Edg/101.0.1210.14" "-"
46.36.123.66 - - [17/Jul/2025:16:17:52 +0300 - 0.000] 502 "GET / HTTP/2.0" 1135 "https://nasha-set.ru" "Mozilla/5.0 (Windows NT 10.0; Win64; x64; rv:100.0) Gecko/20100101 Firefox/100.0" "46.36.123.69"
27.62.137.114 - - [17/Jul/2025:16:17:52 +0300 - 0.000] 502 "GET / HTTP/1.3" 1135 "https://nasha-set.ru" "Mozilla/5.0 (Linux; Android 11; moto g 5G) AppleWebKit/537.36 (KHTML, like Gecko) Chrome/101.0.4951.64 Mobile Safari/537.36 EdgA/101.0.1210.53" "-"
46.36.123.66 - - [17/Jul/2025:16:17:52 +0300 - 0.000] 502 "GET / HTTP/2.0" 1135 "https://nasha-set.ru" "Mozilla/5.0 (Windows NT 10.0; Win64; x64; rv:100.0) Gecko/20100101 Firefox/100.0" "46.36.123.69"
103.75.85.132 - - [17/Jul/2025:16:17:52 +0300 - 0.000] 502 "GET / HTTP/2.0" 1135 "https://nasha-set.ru" "Mozilla/5.0 (Windows NT 10.0; Win64; x64) AppleWebKit/537.36 (KHTML, like Gecko) Chrome/101.0.4951.26 Safari/537.36 Edg/101.0.1210.14" "103.75.85.132"
103.75.85.132 - - [17/Jul/2025:16:17:52 +0300 - 0.000] 502 "GET / HTTP/2.0" 1135 "https://nasha-set.ru" "Mozilla/5.0 (Windows NT 10.0; Win64; x64) AppleWebKit/537.36 (KHTML, like Gecko) Chrome/101.0.4951.26 Safari/537.36 Edg/101.0.1210.14" "103.75.85.132"
103.75.85.132 - - [17/Jul/2025:16:17:52 +0300 - 0.000] 502 "GET / HTTP/2.0" 1135 "https://nasha-set.ru" "Mozilla/5.0 (Windows NT 10.0; Win64; x64) AppleWebKit/537.36 (KHTML, like Gecko) Chrome/101.0.4951.26 Safari/537.36 Edg/101.0.1210.14" "103.75.85.132"
103.75.85.132 - - [17/Jul/2025:16:17:52 +0300 - 0.000] 502 "GET / HTTP/2.0" 1135 "https://nasha-set.ru" "Mozilla/5.0 (Windows NT 10.0; Win64; x64) AppleWebKit/537.36 (KHTML, like Gecko) Chrome/101.0.4951.26 Safari/537.36 Edg/101.0.1210.14" "103.75.85.132"
65.21.193.198 - - [17/Jul/2025:16:17:51 +0300 - 0.000] 502 "GET / HTTP/2.0" 1135 "https://nasha-set.ru" "Mozilla/5.0 (Windows NT 10.0; Win64; x64) AppleWebKit/537.36 (KHTML, like Gecko)" "65.21.193.198"
65.21.193.198 - - [17/Jul/2025:16:17:51 +0300 - 0.000] 502 "GET / HTTP/2.0" 1135 "https://nasha-set.ru" "Mozilla/5.0 (Windows NT 10.0; Win64; x64) AppleWebKit/537.36 (KHTML, like Gecko)" "65.21.193.198"
103.220.23.107 - - [17/Jul/2025:16:17:50 +0300 - 0.000] 502 "GET / HTTP/2.0" 1135 "https://nasha-set.ru" "Mozilla/5.0 (Windows NT 10.0; Win64; x64) AppleWebKit/537.36 (KHTML, like Gecko) Chrome/98.0.4758.102 Safari/537.36 Edg/98.0.1108.62" "103.220.23.107"
103.220.23.107 - - [17/Jul/2025:16:17:50 +0300 - 0.000] 502 "GET / HTTP/2.0" 1135 "https://nasha-set.ru" "Mozilla/5.0 (Windows NT 10.0; Win64; x64) AppleWebKit/537.36 (KHTML, like Gecko) Chrome/98.0.4758.102 Safari/537.36 Edg/98.0.1108.62" "103.220.23.107"
103.220.23.107 - - [17/Jul/2025:16:17:50 +0300 - 0.000] 502 "GET / HTTP/2.0" 1135 "https://nasha-set.ru" "Mozilla/5.0 (Windows NT 10.0; Win64; x64) AppleWebKit/537.36 (KHTML, like Gecko) Chrome/98.0.4758.102 Safari/537.36 Edg/98.0.1108.62" "103.220.23.107"
103.75.85.132 - - [17/Jul/2025:16:17:52 +0300 - 0.000] 502 "GET / HTTP/2.0" 1135 "https://nasha-set.ru" "Mozilla/5.0 (Windows NT 10.0; Win64; x64) AppleWebKit/537.36 (KHTML, like Gecko) Chrome/101.0.4951.26 Safari/537.36 Edg/101.0.1210.14" "103.75.85.132"
103.75.85.132 - - [17/Jul/2025:16:17:52 +0300 - 0.000] 502 "GET / HTTP/2.0" 1135 "https://nasha-set.ru" "Mozilla/5.0 (Windows NT 10.0; Win64; x64) AppleWebKit/537.36 (KHTML, like Gecko) Chrome/101.0.4951.26 Safari/537.36 Edg/101.0.1210.14" "103.75.85.132"
46.36.123.66 - - [17/Jul/2025:16:17:52 +0300 - 0.000] 502 "GET / HTTP/2.0" 1135 "https://nasha-set.ru" "Mozilla/5.0 (Windows NT 10.0; Win64; x64; rv:100.0) Gecko/20100101 Firefox/100.0" "46.36.123.69"
46.36.123.66 - - [17/Jul/2025:16:17:52 +0300 - 0.000] 502 "GET / HTTP/2.0" 1135 "https://nasha-set.ru" "Mozilla/5.0 (Windows NT 10.0; Win64; x64; rv:100.0) Gecko/20100101 Firefox/100.0" "46.36.123.69"
46.36.123.66 - - [17/Jul/2025:16:17:52 +0300 - 0.000] 502 "GET / HTTP/2.0" 1135 "https://nasha-set.ru" "Mozilla/5.0 (Windows NT 10.0; Win64; x64; rv:100.0) Gecko/20100101 Firefox/100.0" "46.36.123.69"
46.36.123.66 - - [17/Jul/2025:16:17:52 +0300 - 0.000] 502 "GET / HTTP/2.0" 1135 "https://nasha-set.ru" "Mozilla/5.0 (Windows NT 10.0; Win64; x64; rv:100.0) Gecko/20100101 Firefox/100.0" "46.36.123.69"
65.21.193.198 - - [17/Jul/2025:16:17:51 +0300 - 0.000] 502 "GET / HTTP/2.0" 1135 "https://nasha-set.ru" "Mozilla/5.0 (Windows NT 10.0; Win64; x64) AppleWebKit/537.36 (KHTML, like Gecko)" "65.21.193.198"
65.21.193.198 - - [17/Jul/2025:16:17:51 +0300 - 0.000] 502 "GET / HTTP/2.0" 1135 "https://nasha-set.ru" "Mozilla/5.0 (Windows NT 10.0; Win64; x64) AppleWebKit/537.36 (KHTML, like Gecko)" "65.21.193.198"
154.9.248.142 - - [17/Jul/2025:16:17:52 +0300 - 0.000] 502 "GET / HTTP/1.3" 1135 "https://nasha-set.ru" "Mozilla/5.0 (Android 6.0.1; Mobile; rv:101.0) Gecko/101.0 Firefox/101.0" "-"
43.208.241.71 - - [17/Jul/2025:16:17:52 +0300 - -] 403 "GET /?PVUA=GMTT HTTP/1.3" 180 "https://nasha-set.ru" "Mozilla/5.0 (Windows NT 10.0; Win64; x64) AppleWebKit/537.36 (KHTML, like Gecko) Chrome/98.0.4758.102 Safari/537.36 Edg/98.0.1108.62" "-"
156.234.180.125 - - [17/Jul/2025:16:17:52 +0300 - -] 403 "GET /?Tg5z=QwNZ HTTP/1.3" 180 "https://nasha-set.ru" "Mozilla/5.0 (Windows NT 10.0; Win64; x64) AppleWebKit/537.36 (KHTML, like Gecko) Chrome/101.0.4951.41 Safari/537.36 Edg/101.0.1210.32" "-"
103.75.85.132 - - [17/Jul/2025:16:17:52 +0300 - 0.000] 502 "GET / HTTP/2.0" 1135 "https://nasha-set.ru" "Mozilla/5.0 (Windows NT 10.0; Win64; x64) AppleWebKit/537.36 (KHTML, like Gecko) Chrome/101.0.4951.26 Safari/537.36 Edg/101.0.1210.14" "103.75.85.132"
194.226.236.229 - - [17/Jul/2025:16:17:52 +0300 - 0.000] 502 "GET / HTTP/1.3" 1135 "https://nasha-set.ru" "Mozilla/5.0 (Windows NT 6.1; WOW64) AppleWebKit/537.36 (KHTML, like Gecko) Chrome/65.0.3325.181 Safari/537.36 OPR/52.0.2871.64 (Edition FCR)" "-"
103.75.85.132 - - [17/Jul/2025:16:17:52 +0300 - 0.000] 502 "GET / HTTP/2.0" 1135 "https://nasha-set.ru" "Mozilla/5.0 (Windows NT 10.0; Win64; x64) AppleWebKit/537.36 (KHTML, like Gecko) Chrome/101.0.4951.26 Safari/537.36 Edg/101.0.1210.14" "103.75.85.132"
103.220.23.107 - - [17/Jul/2025:16:17:50 +0300 - 0.000] 502 "GET / HTTP/2.0" 1135 "https://nasha-set.ru" "Mozilla/5.0 (Windows NT 10.0; Win64; x64) AppleWebKit/537.36 (KHTML, like Gecko) Chrome/98.0.4758.102 Safari/537.36 Edg/98.0.1108.62" "103.220.23.107"
65.21.193.198 - - [17/Jul/2025:16:17:51 +0300 - 0.000] 502 "GET / HTTP/2.0" 1135 "https://nasha-set.ru" "Mozilla/5.0 (Windows NT 10.0; Win64; x64) AppleWebKit/537.36 (KHTML, like Gecko)" "65.21.193.198"
65.21.193.198 - - [17/Jul/2025:16:17:51 +0300 - 0.000] 502 "GET / HTTP/2.0" 1135 "https://nasha-set.ru" "Mozilla/5.0 (Windows NT 10.0; Win64; x64) AppleWebKit/537.36 (KHTML, like Gecko)" "65.21.193.198"
185.192.247.227 - - [17/Jul/2025:16:17:52 +0300 - 0.000] 502 "GET /?BDTW=JHF4 HTTP/1.3" 1135 "https://nasha-set.ru" "Mozilla/5.0 (Windows NT 10.0; Win64; x64) AppleWebKit/537.36 (KHTML, like Gecko) Chrome/101.0.4951.26 Safari/537.36 Edg/101.0.1210.14" "-"
103.220.23.107 - - [17/Jul/2025:16:17:50 +0300 - 0.000] 502 "GET / HTTP/2.0" 1135 "https://nasha-set.ru" "Mozilla/5.0 (Windows NT 10.0; Win64; x64) AppleWebKit/537.36 (KHTML, like Gecko) Chrome/98.0.4758.102 Safari/537.36 Edg/98.0.1108.62" "103.220.23.107"
27.62.137.114 - - [17/Jul/2025:16:17:52 +0300 - 0.000] 502 "GET / HTTP/1.3" 1135 "https://nasha-set.ru" "Mozilla/5.0 (X11; Linux x86_64) AppleWebKit/537.36 (KHTML, like Gecko) Chrome/101.0.4951.67 Safari/537.36 OPR/87.0.4390.45" "-"
103.220.23.107 - - [17/Jul/2025:16:17:50 +0300 - 0.000] 502 "GET / HTTP/2.0" 1135 "https://nasha-set.ru" "Mozilla/5.0 (Windows NT 10.0; Win64; x64) AppleWebKit/537.36 (KHTML, like Gecko) Chrome/98.0.4758.102 Safari/537.36 Edg/98.0.1108.62" "103.220.23.107"
154.9.248.142 - - [17/Jul/2025:16:17:52 +0300 - 0.000] 502 "GET / HTTP/1.3" 1135 "https://nasha-set.ru" "Mozilla/5.0 (Linux; Android 10; ONEPLUS A5000) AppleWebKit/537.36 (KHTML, like Gecko) Chrome/93.0.4577.75 Mobile Safari/537.36 ABB/3.1.0" "-"
43.208.241.71 - - [17/Jul/2025:16:17:52 +0300 - -] 403 "GET /?vvfu=T7vg HTTP/1.3" 180 "https://nasha-set.ru" "Mozilla/5.0 (Windows NT 10.0; Win64; x64) AppleWebKit/537.36 (KHTML, like Gecko) Chrome/98.0.4758.102 Safari/537.36 OPR/84.0.4316.21" "-"
156.234.180.125 - - [17/Jul/2025:16:17:52 +0300 - -] 403 "GET /?IC3A=WCAv HTTP/1.3" 180 "https://nasha-set.ru" "Mozilla/5.0 (Windows NT 10.0; Win64; x64) AppleWebKit/537.36 (KHTML, like Gecko) Chrome/101.0.4951.26 Safari/537.36 Edg/101.0.1210.14" "-"
103.220.23.107 - - [17/Jul/2025:16:17:50 +0300 - 0.000] 502 "GET / HTTP/2.0" 1135 "https://nasha-set.ru" "Mozilla/5.0 (Windows NT 10.0; Win64; x64) AppleWebKit/537.36 (KHTML, like Gecko) Chrome/98.0.4758.102 Safari/537.36 Edg/98.0.1108.62" "103.220.23.107"
103.220.23.107 - - [17/Jul/2025:16:17:50 +0300 - 0.000] 502 "GET / HTTP/2.0" 1135 "https://nasha-set.ru" "Mozilla/5.0 (Windows NT 10.0; Win64; x64) AppleWebKit/537.36 (KHTML, like Gecko) Chrome/98.0.4758.102 Safari/537.36 Edg/98.0.1108.62" "103.220.23.107"
51.38.159.202 - - [17/Jul/2025:16:17:52 +0300 - 0.000] 502 "GET / HTTP/1.3" 1135 "https://nasha-set.ru" "Mozilla/5.0 (X11; Linux x86_64) AppleWebKit/537.36 (KHTML, like Gecko) Chrome/65.0.3325.162 Safari/537.36 OPR/52.0.2871.27 (Edition beta)" "-"
156.234.180.77 - - [17/Jul/2025:16:17:52 +0300 - -] 403 "GET /?u4QJ=vaED HTTP/1.3" 180 "https://nasha-set.ru" "Mozilla/5.0 (Windows NT 10.0; Win64; x64) AppleWebKit/537.36 (KHTML, like Gecko) Chrome/98.0.4758.102 Safari/537.36 OPR/84.0.4316.21" "-"
103.220.23.107 - - [17/Jul/2025:16:17:50 +0300 - 0.000] 502 "GET / HTTP/2.0" 1135 "https://nasha-set.ru" "Mozilla/5.0 (Windows NT 10.0; Win64; x64) AppleWebKit/537.36 (KHTML, like Gecko) Chrome/98.0.4758.102 Safari/537.36 Edg/98.0.1108.62" "103.220.23.107"
103.75.85.132 - - [17/Jul/2025:16:17:52 +0300 - 0.000] 502 "GET / HTTP/2.0" 1135 "https://nasha-set.ru" "Mozilla/5.0 (Windows NT 10.0; Win64; x64) AppleWebKit/537.36 (KHTML, like Gecko) Chrome/101.0.4951.26 Safari/537.36 Edg/101.0.1210.14" "103.75.85.132"
46.105.50.180 - - [17/Jul/2025:16:17:52 +0300 - 0.000] 502 "GET / HTTP/1.3" 1135 "https://nasha-set.ru" "Mozilla/5.0 (Linux; Android 12; SM-A515F Build/SP1A.210812.016; wv) AppleWebKit/537.36 (KHTML, like Gecko) Version/4.0 Chrome/102.0.5005.78 Mobile Safari/537.36" "-"
51.38.159.202 - - [17/Jul/2025:16:17:52 +0300 - 0.000] 502 "GET / HTTP/1.3" 1135 "https://nasha-set.ru" "Mozilla/5.0 (Linux; Android 10; ONEPLUS A5000) AppleWebKit/537.36 (KHTML, like Gecko) Chrome/93.0.4577.75 Mobile Safari/537.36 ABB/3.1.0" "-"
103.75.85.132 - - [17/Jul/2025:16:17:52 +0300 - 0.000] 502 "GET / HTTP/2.0" 1135 "https://nasha-set.ru" "Mozilla/5.0 (Windows NT 10.0; Win64; x64) AppleWebKit/537.36 (KHTML, like Gecko) Chrome/101.0.4951.26 Safari/537.36 Edg/101.0.1210.14" "103.75.85.132"
156.234.180.77 - - [17/Jul/2025:16:17:52 +0300 - -] 403 "GET /?nEBz=kv9Y HTTP/1.3" 180 "https://nasha-set.ru" "Mozilla/5.0 (Windows NT 10.0; Win64; x64) AppleWebKit/537.36 (KHTML, like Gecko) Chrome/101.0.4951.41 Safari/537.36 Edg/101.0.1210.32" "-"
65.21.193.198 - - [17/Jul/2025:16:17:51 +0300 - 0.000] 502 "GET / HTTP/2.0" 1135 "https://nasha-set.ru" "Mozilla/5.0 (Windows NT 10.0; Win64; x64) AppleWebKit/537.36 (KHTML, like Gecko)" "65.21.193.198"
65.21.193.198 - - [17/Jul/2025:16:17:51 +0300 - 0.000] 502 "GET / HTTP/2.0" 1135 "https://nasha-set.ru" "Mozilla/5.0 (Windows NT 10.0; Win64; x64) AppleWebKit/537.36 (KHTML, like Gecko)" "65.21.193.198"
194.226.236.229 - - [17/Jul/2025:16:17:52 +0300 - 0.000] 502 "GET / HTTP/1.3" 1135 "https://nasha-set.ru" "Mozilla/5.0 (Linux; Android 11; SM-A127F) AppleWebKit/537.36 (KHTML, like Gecko) Chrome/102.0.5005.63 Mobile Safari/537.36 EdgA/102.0.1245.30" "-"
185.192.247.227 - - [17/Jul/2025:16:17:52 +0300 - 0.000] 502 "GET /?tVqA=6U6t HTTP/1.3" 1135 "https://nasha-set.ru" "Mozilla/5.0 (Windows NT 10.0; Win64; x64) AppleWebKit/537.36 (KHTML, like Gecko) Chrome/98.0.4758.102 Safari/537.36 Edg/98.0.1108.62" "-"
103.75.85.132 - - [17/Jul/2025:16:17:52 +0300 - 0.000] 502 "GET / HTTP/2.0" 1135 "https://nasha-set.ru" "Mozilla/5.0 (Windows NT 10.0; Win64; x64) AppleWebKit/537.36 (KHTML, like Gecko) Chrome/101.0.4951.26 Safari/537.36 Edg/101.0.1210.14" "103.75.85.132"
103.75.85.132 - - [17/Jul/2025:16:17:52 +0300 - 0.000] 502 "GET / HTTP/2.0" 1135 "https://nasha-set.ru" "Mozilla/5.0 (Windows NT 10.0; Win64; x64) AppleWebKit/537.36 (KHTML, like Gecko) Chrome/101.0.4951.26 Safari/537.36 Edg/101.0.1210.14" "103.75.85.132"
103.220.23.107 - - [17/Jul/2025:16:17:50 +0300 - 0.000] 502 "GET / HTTP/2.0" 1135 "https://nasha-set.ru" "Mozilla/5.0 (Windows NT 10.0; Win64; x64) AppleWebKit/537.36 (KHTML, like Gecko) Chrome/98.0.4758.102 Safari/537.36 Edg/98.0.1108.62" "103.220.23.107"
103.220.23.107 - - [17/Jul/2025:16:17:50 +0300 - 0.000] 502 "GET / HTTP/2.0" 1135 "https://nasha-set.ru" "Mozilla/5.0 (Windows NT 10.0; Win64; x64) AppleWebKit/537.36 (KHTML, like Gecko) Chrome/98.0.4758.102 Safari/537.36 Edg/98.0.1108.62" "103.220.23.107"
65.21.193.198 - - [17/Jul/2025:16:17:51 +0300 - 0.000] 502 "GET / HTTP/2.0" 1135 "https://nasha-set.ru" "Mozilla/5.0 (Windows NT 10.0; Win64; x64) AppleWebKit/537.36 (KHTML, like Gecko)" "65.21.193.198"
103.220.23.107 - - [17/Jul/2025:16:17:50 +0300 - 0.000] 502 "GET / HTTP/2.0" 1135 "https://nasha-set.ru" "Mozilla/5.0 (Windows NT 10.0; Win64; x64) AppleWebKit/537.36 (KHTML, like Gecko) Chrome/98.0.4758.102 Safari/537.36 Edg/98.0.1108.62" "103.220.23.107"
65.21.193.198 - - [17/Jul/2025:16:17:51 +0300 - 0.000] 502 "GET / HTTP/2.0" 1135 "https://nasha-set.ru" "Mozilla/5.0 (Windows NT 10.0; Win64; x64) AppleWebKit/537.36 (KHTML, like Gecko)" "65.21.193.198"
46.36.123.66 - - [17/Jul/2025:16:17:52 +0300 - 0.000] 502 "GET / HTTP/2.0" 1135 "https://nasha-set.ru" "Mozilla/5.0 (Windows NT 10.0; Win64; x64; rv:100.0) Gecko/20100101 Firefox/100.0" "46.36.123.69"
65.21.193.198 - - [17/Jul/2025:16:17:51 +0300 - 0.000] 502 "GET / HTTP/2.0" 1135 "https://nasha-set.ru" "Mozilla/5.0 (Windows NT 10.0; Win64; x64) AppleWebKit/537.36 (KHTML, like Gecko)" "65.21.193.198"
46.36.123.66 - - [17/Jul/2025:16:17:52 +0300 - 0.000] 502 "GET / HTTP/2.0" 1135 "https://nasha-set.ru" "Mozilla/5.0 (Windows NT 10.0; Win64; x64; rv:100.0) Gecko/20100101 Firefox/100.0" "46.36.123.69"
46.36.123.66 - - [17/Jul/2025:16:17:52 +0300 - 0.000] 502 "GET / HTTP/2.0" 1135 "https://nasha-set.ru" "Mozilla/5.0 (Windows NT 10.0; Win64; x64; rv:100.0) Gecko/20100101 Firefox/100.0" "46.36.123.69"
46.105.50.180 - - [17/Jul/2025:16:17:52 +0300 - 0.000] 502 "GET / HTTP/1.3" 1135 "https://nasha-set.ru" "Mozilla/5.0 (Android 11; Mobile; rv:103.0) Gecko/103.0 Firefox/103.0" "-"
51.38.159.202 - - [17/Jul/2025:16:17:52 +0300 - 0.000] 502 "GET / HTTP/1.3" 1135 "https://nasha-set.ru" "Mozilla/5.0 (Windows NT 10.0) AppleWebKit/537.36 (KHTML, like Gecko) Chrome/102.0.5005.63 Safari/537.36 Edg/102.0.1245.33" "-"
27.62.137.114 - - [17/Jul/2025:16:17:52 +0300 - 0.000] 502 "GET / HTTP/1.3" 1135 "https://nasha-set.ru" "Mozilla/5.0 (Windows NT 6.1; WOW64) AppleWebKit/537.36 (KHTML, like Gecko) Chrome/65.0.3325.181 Safari/537.36 OPR/52.0.2871.64 (Edition FCR)" "-"
156.234.180.77 - - [17/Jul/2025:16:17:52 +0300 - -] 403 "GET /?Hlnu=ZNac HTTP/1.3" 180 "https://nasha-set.ru" "Mozilla/5.0 (Windows NT 10.0; Win64; x64) AppleWebKit/537.36 (KHTML, like Gecko) Chrome/101.0.4951.41 Safari/537.36 Edg/101.0.1210.32" "-"
103.75.85.132 - - [17/Jul/2025:16:17:52 +0300 - 0.000] 502 "GET / HTTP/2.0" 1135 "https://nasha-set.ru" "Mozilla/5.0 (Windows NT 10.0; Win64; x64) AppleWebKit/537.36 (KHTML, like Gecko) Chrome/101.0.4951.26 Safari/537.36 Edg/101.0.1210.14" "103.75.85.132"
154.9.248.142 - - [17/Jul/2025:16:17:52 +0300 - 0.000] 502 "GET / HTTP/1.3" 1135 "https://nasha-set.ru" "Mozilla/5.0 (Android 5.0.1; Mobile; rv:101.0) Gecko/101.0 Firefox/101.0" "-"
46.105.50.180 - - [17/Jul/2025:16:17:52 +0300 - 0.000] 502 "GET / HTTP/1.3" 1135 "https://nasha-set.ru" "Mozilla/5.0 (Windows NT 10.0; Win64; x64) AppleWebKit/537.36 (KHTML, like Gecko) Chrome/102.0.5005.63 Safari/537.36 Edg/102.0.1245.33" "-"
43.208.241.71 - - [17/Jul/2025:16:17:52 +0300 - -] 403 "GET /?6bwG=1JST HTTP/1.3" 180 "https://nasha-set.ru" "Mozilla/5.0 (Windows NT 10.0; Win64; x64) AppleWebKit/537.36 (KHTML, like Gecko) Chrome/100.0.4896.88 Safari/537.36" "-"
156.234.180.125 - - [17/Jul/2025:16:17:52 +0300 - -] 403 "GET /?jO2A=z1CR HTTP/1.3" 180 "https://nasha-set.ru" "Mozilla/5.0 (Windows NT 10.0; Win64; x64) AppleWebKit/537.36 (KHTML, like Gecko) Chrome/101.0.4951.26 Safari/537.36 Edg/101.0.1210.14" "-"
103.75.85.132 - - [17/Jul/2025:16:17:52 +0300 - 0.000] 502 "GET / HTTP/2.0" 1135 "https://nasha-set.ru" "Mozilla/5.0 (Windows NT 10.0; Win64; x64) AppleWebKit/537.36 (KHTML, like Gecko) Chrome/101.0.4951.26 Safari/537.36 Edg/101.0.1210.14" "103.75.85.132"
51.38.159.202 - - [17/Jul/2025:16:17:52 +0300 - 0.000] 502 "GET / HTTP/1.3" 1135 "https://nasha-set.ru" "Mozilla/5.0 (Windows NT 10.0) AppleWebKit/537.36 (KHTML, like Gecko) Chrome/102.0.5005.63 Safari/537.36 Edg/102.0.1245.33" "-"
156.234.180.77 - - [17/Jul/2025:16:17:52 +0300 - -] 403 "GET /?Glw2=m7RL HTTP/1.3" 180 "https://nasha-set.ru" "Mozilla/5.0 (Windows NT 10.0; Win64; x64) AppleWebKit/537.36 (KHTML, like Gecko) Chrome/101.0.4951.41 Safari/537.36 Edg/101.0.1210.32" "-"
103.220.23.107 - - [17/Jul/2025:16:17:50 +0300 - 0.000] 502 "GET / HTTP/2.0" 1135 "https://nasha-set.ru" "Mozilla/5.0 (Windows NT 10.0; Win64; x64) AppleWebKit/537.36 (KHTML, like Gecko) Chrome/98.0.4758.102 Safari/537.36 Edg/98.0.1108.62" "103.220.23.107"
103.220.23.107 - - [17/Jul/2025:16:17:50 +0300 - 0.000] 502 "GET / HTTP/2.0" 1135 "https://nasha-set.ru" "Mozilla/5.0 (Windows NT 10.0; Win64; x64) AppleWebKit/537.36 (KHTML, like Gecko) Chrome/98.0.4758.102 Safari/537.36 Edg/98.0.1108.62" "103.220.23.107"
65.21.193.198 - - [17/Jul/2025:16:17:51 +0300 - 0.000] 502 "GET / HTTP/2.0" 1135 "https://nasha-set.ru" "Mozilla/5.0 (Windows NT 10.0; Win64; x64) AppleWebKit/537.36 (KHTML, like Gecko)" "65.21.193.198"
65.21.193.198 - - [17/Jul/2025:16:17:51 +0300 - 0.000] 502 "GET / HTTP/2.0" 1135 "https://nasha-set.ru" "Mozilla/5.0 (Windows NT 10.0; Win64; x64) AppleWebKit/537.36 (KHTML, like Gecko)" "65.21.193.198"
103.220.23.107 - - [17/Jul/2025:16:17:50 +0300 - 0.000] 502 "GET / HTTP/2.0" 1135 "https://nasha-set.ru" "Mozilla/5.0 (Windows NT 10.0; Win64; x64) AppleWebKit/537.36 (KHTML, like Gecko) Chrome/98.0.4758.102 Safari/537.36 Edg/98.0.1108.62" "103.220.23.107"
194.226.236.229 - - [17/Jul/2025:16:17:52 +0300 - 0.000] 502 "GET / HTTP/1.3" 1135 "https://nasha-set.ru" "Mozilla/5.0 (Windows NT 10.0; Win64; x64) AppleWebKit/537.36 (KHTML, like Gecko) Chrome/102.0.5005.63 Safari/537.36 Edg/102.0.1245.33" "-"
103.220.23.107 - - [17/Jul/2025:16:17:50 +0300 - 0.000] 502 "GET / HTTP/2.0" 1135 "https://nasha-set.ru" "Mozilla/5.0 (Windows NT 10.0; Win64; x64) AppleWebKit/537.36 (KHTML, like Gecko) Chrome/98.0.4758.102 Safari/537.36 Edg/98.0.1108.62" "103.220.23.107"
185.192.247.227 - - [17/Jul/2025:16:17:52 +0300 - 0.000] 502 "GET /?oVJN=CRGi HTTP/1.3" 1135 "https://nasha-set.ru" "Mozilla/5.0 (Windows NT 10.0; Win64; WOW64) AppleWebKit/537.36 (KHTML, like Gecko) Chrome/99.0.4844.84 Safari/537.36 OPR/85.0.4341.60" "-"
46.36.123.66 - - [17/Jul/2025:16:17:52 +0300 - 0.000] 502 "GET / HTTP/2.0" 1135 "https://nasha-set.ru" "Mozilla/5.0 (Windows NT 10.0; Win64; x64; rv:100.0) Gecko/20100101 Firefox/100.0" "46.36.123.69"
46.36.123.66 - - [17/Jul/2025:16:17:52 +0300 - 0.000] 502 "GET / HTTP/2.0" 1135 "https://nasha-set.ru" "Mozilla/5.0 (Windows NT 10.0; Win64; x64; rv:100.0) Gecko/20100101 Firefox/100.0" "46.36.123.69"
65.21.193.198 - - [17/Jul/2025:16:17:51 +0300 - 0.000] 502 "GET / HTTP/2.0" 1135 "https://nasha-set.ru" "Mozilla/5.0 (Windows NT 10.0; Win64; x64) AppleWebKit/537.36 (KHTML, like Gecko)" "65.21.193.198"
103.75.85.132 - - [17/Jul/2025:16:17:52 +0300 - 0.000] 502 "GET / HTTP/2.0" 1135 "https://nasha-set.ru" "Mozilla/5.0 (Windows NT 10.0; Win64; x64) AppleWebKit/537.36 (KHTML, like Gecko) Chrome/101.0.4951.26 Safari/537.36 Edg/101.0.1210.14" "103.75.85.132"
65.21.193.198 - - [17/Jul/2025:16:17:51 +0300 - 0.000] 502 "GET / HTTP/2.0" 1135 "https://nasha-set.ru" "Mozilla/5.0 (Windows NT 10.0; Win64; x64) AppleWebKit/537.36 (KHTML, like Gecko)" "65.21.193.198"
103.75.85.132 - - [17/Jul/2025:16:17:52 +0300 - 0.000] 502 "GET / HTTP/2.0" 1135 "https://nasha-set.ru" "Mozilla/5.0 (Windows NT 10.0; Win64; x64) AppleWebKit/537.36 (KHTML, like Gecko) Chrome/101.0.4951.26 Safari/537.36 Edg/101.0.1210.14" "103.75.85.132"
103.75.85.132 - - [17/Jul/2025:16:17:52 +0300 - 0.000] 502 "GET / HTTP/2.0" 1135 "https://nasha-set.ru" "Mozilla/5.0 (Windows NT 10.0; Win64; x64) AppleWebKit/537.36 (KHTML, like Gecko) Chrome/101.0.4951.26 Safari/537.36 Edg/101.0.1210.14" "103.75.85.132"
103.220.23.107 - - [17/Jul/2025:16:17:50 +0300 - 0.000] 502 "GET / HTTP/2.0" 1135 "https://nasha-set.ru" "Mozilla/5.0 (Windows NT 10.0; Win64; x64) AppleWebKit/537.36 (KHTML, like Gecko) Chrome/98.0.4758.102 Safari/537.36 Edg/98.0.1108.62" "103.220.23.107"
27.62.137.114 - - [17/Jul/2025:16:17:52 +0300 - 0.000] 502 "GET / HTTP/1.3" 1135 "https://nasha-set.ru" "Mozilla/5.0 (Linux; Android 12; CPH2173 Build/RKQ1.211103.002; wv) AppleWebKit/537.36 (KHTML, like Gecko) Version/4.0 Chrome/102.0.5005.78 Mobile Safari/537.36" "-"
46.36.123.66 - - [17/Jul/2025:16:17:52 +0300 - 0.000] 502 "GET / HTTP/2.0" 1135 "https://nasha-set.ru" "Mozilla/5.0 (Windows NT 10.0; Win64; x64; rv:100.0) Gecko/20100101 Firefox/100.0" "46.36.123.69"
103.220.23.107 - - [17/Jul/2025:16:17:50 +0300 - 0.000] 502 "GET / HTTP/2.0" 1135 "https://nasha-set.ru" "Mozilla/5.0 (Windows NT 10.0; Win64; x64) AppleWebKit/537.36 (KHTML, like Gecko) Chrome/98.0.4758.102 Safari/537.36 Edg/98.0.1108.62" "103.220.23.107"
103.75.85.132 - - [17/Jul/2025:16:17:52 +0300 - 0.000] 502 "GET / HTTP/2.0" 1135 "https://nasha-set.ru" "Mozilla/5.0 (Windows NT 10.0; Win64; x64) AppleWebKit/537.36 (KHTML, like Gecko) Chrome/101.0.4951.26 Safari/537.36 Edg/101.0.1210.14" "103.75.85.132"
154.9.248.142 - - [17/Jul/2025:16:17:52 +0300 - 0.000] 502 "GET / HTTP/1.3" 1135 "https://nasha-set.ru" "Mozilla/5.0 (Macintosh; Intel Mac OS X 10_14_6; rv:104.0) Gecko/20110101 Firefox/104.0" "-"
43.208.241.71 - - [17/Jul/2025:16:17:52 +0300 - -] 403 "GET /?9khQ=bJff HTTP/1.3" 118 "https://nasha-set.ru" "Mozilla/5.0 (Windows NT 10.0; Win64; x64; rv:100.0) Gecko/20100101 Firefox/100.0" "-"
156.234.180.125 - - [17/Jul/2025:16:17:52 +0300 - -] 403 "GET /?1gsH=pLuR HTTP/1.3" 180 "https://nasha-set.ru" "Mozilla/5.0 (Windows NT 10.0; Win64; x64) AppleWebKit/537.36 (KHTML, like Gecko) Chrome/101.0.4951.26 Safari/537.36 Edg/101.0.1210.14" "-"
194.226.236.229 - - [17/Jul/2025:16:17:52 +0300 - 0.000] 502 "GET / HTTP/1.3" 1135 "https://nasha-set.ru" "Mozilla/5.0 (X11; Linux x86_64) AppleWebKit/537.36 (KHTML, like Gecko) Chrome/65.0.3325.162 Safari/537.36 OPR/52.0.2871.27 (Edition beta)" "-"
46.36.123.66 - - [17/Jul/2025:16:17:52 +0300 - 0.000] 502 "GET / HTTP/2.0" 1135 "https://nasha-set.ru" "Mozilla/5.0 (Windows NT 10.0; Win64; x64; rv:100.0) Gecko/20100101 Firefox/100.0" "46.36.123.69"
46.105.50.180 - - [17/Jul/2025:16:17:52 +0300 - 0.000] 502 "GET / HTTP/1.3" 1135 "https://nasha-set.ru" "Mozilla/5.0 (Macintosh; Intel Mac OS X 12.0; rv:95.0) Gecko/20100101 Firefox/95.0" "-"
185.192.247.227 - - [17/Jul/2025:16:17:52 +0300 - 0.000] 502 "GET /?ISeI=HEzK HTTP/1.3" 1135 "https://nasha-set.ru" "Mozilla/5.0 (Windows NT 10.0; Win64; x64; rv:100.0) Gecko/20100101 Firefox/100.0" "-"
51.38.159.202 - - [17/Jul/2025:16:17:52 +0300 - 0.000] 502 "GET / HTTP/1.3" 1135 "https://nasha-set.ru" "Mozilla/5.0 (Linux; Android 11; 2201117SY) AppleWebKit/537.36 (KHTML, like Gecko) Chrome/102.0.5005.78 Mobile Safari/537.36" "-"
156.234.180.77 - - [17/Jul/2025:16:17:52 +0300 - -] 403 "GET /?RCWl=34pV HTTP/1.3" 180 "https://nasha-set.ru" "Mozilla/5.0 (Windows NT 10.0; Win64; x64) AppleWebKit/537.36 (KHTML, like Gecko) Chrome/94.0.4606.81 Safari/537.36 OPR/80.0.4170.86" "-"
46.105.50.180 - - [17/Jul/2025:16:17:52 +0300 - 0.000] 502 "GET / HTTP/1.3" 1135 "https://nasha-set.ru" "Mozilla/5.0 (Macintosh; Intel Mac OS X 12.0; rv:95.0) Gecko/20100101 Firefox/95.0" "-"
103.220.23.107 - - [17/Jul/2025:16:17:50 +0300 - 0.000] 502 "GET / HTTP/2.0" 1135 "https://nasha-set.ru" "Mozilla/5.0 (Windows NT 10.0; Win64; x64) AppleWebKit/537.36 (KHTML, like Gecko) Chrome/98.0.4758.102 Safari/537.36 Edg/98.0.1108.62" "103.220.23.107"
103.220.23.107 - - [17/Jul/2025:16:17:50 +0300 - 0.000] 502 "GET / HTTP/2.0" 1135 "https://nasha-set.ru" "Mozilla/5.0 (Windows NT 10.0; Win64; x64) AppleWebKit/537.36 (KHTML, like Gecko) Chrome/98.0.4758.102 Safari/537.36 Edg/98.0.1108.62" "103.220.23.107"
103.220.23.107 - - [17/Jul/2025:16:17:50 +0300 - 0.000] 502 "GET / HTTP/2.0" 1135 "https://nasha-set.ru" "Mozilla/5.0 (Windows NT 10.0; Win64; x64) AppleWebKit/537.36 (KHTML, like Gecko) Chrome/98.0.4758.102 Safari/537.36 Edg/98.0.1108.62" "103.220.23.107"
46.36.123.66 - - [17/Jul/2025:16:17:52 +0300 - 0.000] 502 "GET / HTTP/2.0" 1135 "https://nasha-set.ru" "Mozilla/5.0 (Windows NT 10.0; Win64; x64; rv:100.0) Gecko/20100101 Firefox/100.0" "46.36.123.69"
45.123.40.117 - - [17/Jul/2025:16:17:50 +0300 - 45.064] 200 "GET / HTTP/2.0" 55454 "https://nasha-set.ru" "Mozilla/5.0 (Windows NT 10.0; WOW64; Trident/7.0; Touch; rv:11.0) like Gecko" "75.141.239.55"
46.36.123.66 - - [17/Jul/2025:16:17:52 +0300 - 0.000] 502 "GET / HTTP/2.0" 1135 "https://nasha-set.ru" "Mozilla/5.0 (Windows NT 10.0; Win64; x64; rv:100.0) Gecko/20100101 Firefox/100.0" "46.36.123.69"
156.234.180.77 - - [17/Jul/2025:16:17:52 +0300 - -] 403 "GET /?P91k=OLye HTTP/1.3" 180 "https://nasha-set.ru" "Mozilla/5.0 (Windows NT 10.0; Win64; WOW64) AppleWebKit/537.36 (KHTML, like Gecko) Chrome/99.0.4844.84 Safari/537.36 OPR/85.0.4341.60" "-"
46.105.50.180 - - [17/Jul/2025:16:17:52 +0300 - 0.000] 502 "GET / HTTP/1.3" 1135 "https://nasha-set.ru" "Mozilla/5.0 (Windows NT 6.3; WOW64) AppleWebKit/537.36 (KHTML, like Gecko) Chrome/45.0.2454.85 Safari/537.36 OPR/32.0.1948.25" "-"
156.234.180.77 - - [17/Jul/2025:16:17:52 +0300 - -] 403 "GET /?MPOQ=Pspo HTTP/1.3" 118 "https://nasha-set.ru" "Mozilla/5.0 (Windows NT 10.0; Win64; x64) AppleWebKit/537.36 (KHTML, like Gecko)" "-"
