46.36.123.66 - - [17/Jul/2025:16:17:52 +0300 - 0.000] 502 "GET / HTTP/2.0" 1135 "https://nasha-set.ru" "Mozilla/5.0 (Windows NT 10.0; Win64; x64; rv:100.0) Gecko/20100101 Firefox/100.0" "46.36.123.69"
194.226.236.229 - - [17/Jul/2025:16:17:52 +0300 - 0.000] 502 "GET / HTTP/1.3" 1135 "https://nasha-set.ru" "Mozilla/5.0 (Android 7.1.2; Mobile; rv:101.0) Gecko/101.0 Firefox/101.0" "-"
106.198.28.67 - - [17/Jul/2025:16:17:50 +0300 - 0.000] 502 "GET / HTTP/2.0" 1135 "https://nasha-set.ru" "Mozilla/5.0 (Windows NT 10.0; Win64; x64) AppleWebKit/537.36 (KHTML, like Gecko) Chrome/98.0.4758.102 Safari/537.36 Edg/98.0.1108.62" "14.143.222.113"
106.198.28.67 - - [17/Jul/2025:16:17:50 +0300 - 0.000] 502 "GET / HTTP/2.0" 1135 "https://nasha-set.ru" "Mozilla/5.0 (Windows NT 10.0; Win64; x64) AppleWebKit/537.36 (KHTML, like Gecko) Chrome/98.0.4758.102 Safari/537.36 Edg/98.0.1108.62" "14.143.222.113"
106.198.28.67 - - [17/Jul/2025:16:17:50 +0300 - 0.000] 502 "GET / HTTP/2.0" 1135 "https://nasha-set.ru" "Mozilla/5.0 (Windows NT 10.0; Win64; x64) AppleWebKit/537.36 (KHTML, like Gecko) Chrome/98.0.4758.102 Safari/537.36 Edg/98.0.1108.62" "14.143.222.113"
103.75.85.132 - - [17/Jul/2025:16:17:52 +0300 - 0.000] 502 "GET / HTTP/2.0" 1135 "https://nasha-set.ru" "Mozilla/5.0 (Windows NT 10.0; Win64; x64) AppleWebKit/537.36 (KHTML, like Gecko) Chrome/101.0.4951.26 Safari/537.36 Edg/101.0.1210.14" "103.75.85.132"
103.75.85.132 - - [17/Jul/2025:16:17:52 +0300 - 0.000] 502 "GET / HTTP/2.0" 1135 "https://nasha-set.ru" "Mozilla/5.0 (Windows NT 10.0; Win64; x64) AppleWebKit/537.36 (KHTML, like Gecko) Chrome/101.0.4951.26 Safari/537.36 Edg/101.0.1210.14" "103.75.85.132"
185.192.247.227 - - [17/Jul/2025:16:17:52 +0300 - 0.000] 502 "GET /?wS9N=V3kp HTTP/1.3" 1135 "https://nasha-set.ru" "Mozilla/5.0 (Windows NT 10.0; Win64; WOW64) AppleWebKit/537.36 (KHTML, like Gecko) Chrome/99.0.4844.84 Safari/537.36 OPR/85.0.4341.60" "-"
103.220.23.107 - - [17/Jul/2025:16:17:50 +0300 - 0.000] 502 "GET / HTTP/2.0" 1135 "https://nasha-set.ru" "Mozilla/5.0 (Windows NT 10.0; Win64; x64) AppleWebKit/537.36 (KHTML, like Gecko) Chrome/98.0.4758.102 Safari/537.36 Edg/98.0.1108.62" "103.220.23.107"
27.62.137.114 - - [17/Jul/2025:16:17:52 +0300 - 0.000] 502 "GET / HTTP/1.3" 1135 "https://nasha-set.ru" "Mozilla/5.0 (Linux; U; Android 6.0; ru-ru; 5080X Build/MRA58K) AppleWebKit/537.36 (KHTML%2C like Gecko) Version/4.0 Mobile Safari/537.36" "-"
103.220.23.107 - - [17/Jul/2025:16:17:50 +0300 - 0.000] 502 "GET / HTTP/2.0" 1135 "https://nasha-set.ru" "Mozilla/5.0 (Windows NT 10.0; Win64; x64) AppleWebKit/537.36 (KHTML, like Gecko) Chrome/98.0.4758.102 Safari/537.36 Edg/98.0.1108.62" "103.220.23.107"
193.124.92.4 - - [17/Jul/2025:16:17:51 +0300 - 0.000] 502 "GET / HTTP/1.3" 1135 "https://nasha-set.ru" "Mozilla/5.0 (Linux; Android 12; SM-G981B Build/SP1A.210812.016; wv) AppleWebKit/537.36 (KHTML, like Gecko) Version/4.0 Chrome/102.0.5005.78 Mobile Safari/537.36" "-"
156.234.180.78 - - [17/Jul/2025:16:17:51 +0300 - -] 403 "GET / HTTP/1.3" 118 "https://nasha-set.ru" "Opera/9.80 (Windows NT 6.0; WOW64; MRA 6.0 (build 5831)) Presto/2.12.388 Version/12.18" "-"
103.220.23.107 - - [17/Jul/2025:16:17:50 +0300 - 0.000] 502 "GET / HTTP/2.0" 1135 "https://nasha-set.ru" "Mozilla/5.0 (Windows NT 10.0; Win64; x64) AppleWebKit/537.36 (KHTML, like Gecko) Chrome/98.0.4758.102 Safari/537.36 Edg/98.0.1108.62" "103.220.23.107"
193.124.92.4 - - [17/Jul/2025:16:17:51 +0300 - 0.000] 502 "GET / HTTP/1.3" 1135 "https://nasha-set.ru" "Mozilla/5.0 (Linux; Android 10; ONEPLUS A5000) AppleWebKit/537.36 (KHTML, like Gecko) Chrome/93.0.4577.75 Mobile Safari/537.36 ABB/3.1.0" "-"
156.234.180.78 - - [17/Jul/2025:16:17:51 +0300 - -] 403 "GET / HTTP/1.3" 118 "https://nasha-set.ru" "Mozilla/5.0 (Wayland like X11; Fedora 36; Linux x86_64; rv:101.0) Gecko/20100101 Firefox/101.0" "-"
193.124.92.4 - - [17/Jul/2025:16:17:51 +0300 - 0.000] 502 "GET / HTTP/1.3" 1135 "https://nasha-set.ru" "Mozilla/5.0 (Linux; U; Android 6.0; sr-rs; 5046Y Build/MRA58K) AppleWebKit/537.36 (KHTML%2C like Gecko) Version/4.0 Mobile Safari/537.36" "-"
156.234.180.78 - - [17/Jul/2025:16:17:51 +0300 - -] 403 "GET / HTTP/1.3" 180 "https://nasha-set.ru" "Mozilla/5.0 (Windows NT 6.1; WOW64) AppleWebKit/537.36 (KHTML, like Gecko) Chrome/65.0.3325.181 Safari/537.36 OPR/52.0.2871.64 (Edition FCR)" "-"
106.198.28.67 - - [17/Jul/2025:16:17:50 +0300 - 0.000] 502 "GET / HTTP/2.0" 1135 "https://nasha-set.ru" "Mozilla/5.0 (Windows NT 10.0; Win64; x64) AppleWebKit/537.36 (KHTML, like Gecko) Chrome/98.0.4758.102 Safari/537.36 Edg/98.0.1108.62" "14.143.222.113"
106.198.28.67 - - [17/Jul/2025:16:17:50 +0300 - 0.000] 502 "GET / HTTP/2.0" 1135 "https://nasha-set.ru" "Mozilla/5.0 (Windows NT 10.0; Win64; x64) AppleWebKit/537.36 (KHTML, like Gecko) Chrome/98.0.4758.102 Safari/537.36 Edg/98.0.1108.62" "14.143.222.113"
154.9.248.142 - - [17/Jul/2025:16:17:52 +0300 - 0.000] 502 "GET / HTTP/1.3" 1135 "https://nasha-set.ru" "Mozilla/5.0 (Linux; Android 10; ONEPLUS A5000) AppleWebKit/537.36 (KHTML, like Gecko) Chrome/93.0.4577.75 Mobile Safari/537.36 ABB/3.1.0" "-"
43.208.241.71 - - [17/Jul/2025:16:17:52 +0300 - -] 403 "GET /?a2tg=48TS HTTP/1.3" 180 "https://nasha-set.ru" "Mozilla/5.0 (Windows NT 10.0; Win64; x64) AppleWebKit/537.36 (KHTML, like Gecko) Chrome/100.0.4896.88 Safari/537.36" "-"
156.234.180.125 - - [17/Jul/2025:16:17:52 +0300 - -] 403 "GET /?oG1F=WiAz HTTP/1.3" 180 "https://nasha-set.ru" "Mozilla/5.0 (Windows NT 10.0; Win64; x64) AppleWebKit/537.36 (KHTML, like Gecko) Chrome/101.0.4951.41 Safari/537.36 Edg/101.0.1210.32" "-"
103.75.85.132 - - [17/Jul/2025:16:17:52 +0300 - 0.000] 502 "GET / HTTP/2.0" 1135 "https://nasha-set.ru" "Mozilla/5.0 (Windows NT 10.0; Win64; x64) AppleWebKit/537.36 (KHTML, like Gecko) Chrome/101.0.4951.26 Safari/537.36 Edg/101.0.1210.14" "103.75.85.132"
194.226.236.229 - - [17/Jul/2025:16:17:52 +0300 - 0.000] 502 "GET / HTTP/1.3" 1135 "https://nasha-set.ru" "Mozilla/5.0 (Linux; Android 12; CPH2173 Build/RKQ1.211103.002; wv) AppleWebKit/537.36 (KHTML, like Gecko) Version/4.0 Chrome/102.0.5005.78 Mobile Safari/537.36" "-"
103.75.85.132 - - [17/Jul/2025:16:17:52 +0300 - 0.000] 502 "GET / HTTP/2.0" 1135 "https://nasha-set.ru" "Mozilla/5.0 (Windows NT 10.0; Win64; x64) AppleWebKit/537.36 (KHTML, like Gecko) Chrome/101.0.4951.26 Safari/537.36 Edg/101.0.1210.14" "103.75.85.132"
185.192.247.227 - - [17/Jul/2025:16:17:52 +0300 - 0.000] 502 "GET /?SBBg=z3Be HTTP/1.3" 1135 "https://nasha-set.ru" "Mozilla/5.0 (Windows NT 10.0) AppleWebKit/537.36 (KHTML, like Gecko) Chrome/101.0.4951.67 Safari/537.36" "-"
193.124.92.4 - - [17/Jul/2025:16:17:51 +0300 - 0.000] 502 "GET / HTTP/1.3" 1135 "https://nasha-set.ru" "Mozilla/5.0 (Android 5.0.1; Mobile; rv:101.0) Gecko/101.0 Firefox/101.0" "-"
156.234.180.78 - - [17/Jul/2025:16:17:51 +0300 - -] 403 "GET / HTTP/1.3" 118 "https://nasha-set.ru" "Mozilla/5.0 (Android 5.0.1; Mobile; rv:101.0) Gecko/101.0 Firefox/101.0" "-"
46.36.123.66 - - [17/Jul/2025:16:17:52 +0300 - 0.000] 502 "GET / HTTP/2.0" 1135 "https://nasha-set.ru" "Mozilla/5.0 (Windows NT 10.0; Win64; x64; rv:100.0) Gecko/20100101 Firefox/100.0" "46.36.123.69"
193.124.92.4 - - [17/Jul/2025:16:17:51 +0300 - 0.000] 502 "GET / HTTP/1.3" 1135 "https://nasha-set.ru" "Mozilla/5.0 (X11; Linux x86_64) AppleWebKit/537.36 (KHTML, like Gecko) Chrome/101.0.4951.67 Safari/537.36 OPR/87.0.4390.45" "-"
156.234.180.78 - - [17/Jul/2025:16:17:51 +0300 - -] 403 "GET / HTTP/1.3" 180 "https://nasha-set.ru" "Mozilla/5.0 (Windows NT 6.1; WOW64) AppleWebKit/537.36 (KHTML, like Gecko) Chrome/52.0.2743.82 Safari/537.36 OPR/39.0.2256.55" "-"
106.198.28.67 - - [17/Jul/2025:16:17:50 +0300 - 0.000] 502 "GET / HTTP/2.0" 1135 "https://nasha-set.ru" "Mozilla/5.0 (Windows NT 10.0; Win64; x64) AppleWebKit/537.36 (KHTML, like Gecko) Chrome/98.0.4758.102 Safari/537.36 Edg/98.0.1108.62" "14.143.222.113"
46.36.123.66 - - [17/Jul/2025:16:17:52 +0300 - 0.000] 502 "GET / HTTP/2.0" 1135 "https://nasha-set.ru" "Mozilla/5.0 (Windows NT 10.0; Win64; x64; rv:100.0) Gecko/20100101 Firefox/100.0" "46.36.123.69"
193.124.92.4 - - [17/Jul/2025:16:17:51 +0300 - 0.000] 502 "GET / HTTP/1.3" 1135 "https://nasha-set.ru" "Mozilla/5.0 (Android 2.2.2; Mobile; rv:61.0) Gecko/61.0 Firefox/61.0" "-"
156.234.180.78 - - [17/Jul/2025:16:17:51 +0300 - -] 403 "GET / HTTP/1.3" 180 "https://nasha-set.ru" "Mozilla/5.0 (Windows NT 10.0; Win64; x64) AppleWebKit/537.36 (KHTML, like Gecko) Chrome/102.0.5005.63 Safari/537.36 Edg/102.0.1245.33" "-"
106.198.28.67 - - [17/Jul/2025:16:17:50 +0300 - 0.000] 502 "GET / HTTP/2.0" 1135 "https://nasha-set.ru" "Mozilla/5.0 (Windows NT 10.0; Win64; x64) AppleWebKit/537.36 (KHTML, like Gecko) Chrome/98.0.4758.102 Safari/537.36 Edg/98.0.1108.62" "14.143.222.113"
103.220.23.107 - - [17/Jul/2025:16:17:50 +0300 - 0.000] 502 "GET / HTTP/2.0" 1135 "https://nasha-set.ru" "Mozilla/5.0 (Windows NT 10.0; Win64; x64) AppleWebKit/537.36 (KHTML, like Gecko) Chrome/98.0.4758.102 Safari/537.36 Edg/98.0.1108.62" "103.220.23.107"
103.220.23.107 - - [17/Jul/2025:16:17:50 +0300 - 0.000] 502 "GET / HTTP/2.0" 1135 "https://nasha-set.ru" "Mozilla/5.0 (Windows NT 10.0; Win64; x64) AppleWebKit/537.36 (KHTML, like Gecko) Chrome/98.0.4758.102 Safari/537.36 Edg/98.0.1108.62" "103.220.23.107"
103.220.23.107 - - [17/Jul/2025:16:17:50 +0300 - 0.000] 502 "GET / HTTP/2.0" 1135 "https://nasha-set.ru" "Mozilla/5.0 (Windows NT 10.0; Win64; x64) AppleWebKit/537.36 (KHTML, like Gecko) Chrome/98.0.4758.102 Safari/537.36 Edg/98.0.1108.62" "103.220.23.107"
103.75.85.132 - - [17/Jul/2025:16:17:52 +0300 - 0.000] 502 "GET / HTTP/2.0" 1135 "https://nasha-set.ru" "Mozilla/5.0 (Windows NT 10.0; Win64; x64) AppleWebKit/537.36 (KHTML, like Gecko) Chrome/101.0.4951.26 Safari/537.36 Edg/101.0.1210.14" "103.75.85.132"
193.124.92.4 - - [17/Jul/2025:16:17:51 +0300 - 0.000] 502 "GET / HTTP/1.3" 1135 "https://nasha-set.ru" "Mozilla/5.0 (Linux; Android 10; ONEPLUS A5000) AppleWebKit/537.36 (KHTML, like Gecko) Chrome/93.0.4577.75 Mobile Safari/537.36 ABB/3.1.0" "-"
156.234.180.78 - - [17/Jul/2025:16:17:51 +0300 - -] 403 "GET / HTTP/1.3" 180 "https://nasha-set.ru" "Mozilla/5.0 (Linux; Android 12; SM-G980F Build/SP1A.210812.016; wv) AppleWebKit/537.36 (KHTML, like Gecko) Version/4.0 Chrome/102.0.5005.78 Mobile Safari/537.36" "-"
103.75.85.132 - - [17/Jul/2025:16:17:52 +0300 - 0.000] 502 "GET / HTTP/2.0" 1135 "https://nasha-set.ru" "Mozilla/5.0 (Windows NT 10.0; Win64; x64) AppleWebKit/537.36 (KHTML, like Gecko) Chrome/101.0.4951.26 Safari/537.36 Edg/101.0.1210.14" "103.75.85.132"
193.124.92.4 - - [17/Jul/2025:16:17:51 +0300 - 0.000] 502 "GET / HTTP/1.3" 1135 "https://nasha-set.ru" "Mozilla/5.0 (Android 2.2.2; Mobile; rv:61.0) Gecko/61.0 Firefox/61.0" "-"
156.234.180.78 - - [17/Jul/2025:16:17:51 +0300 - -] 403 "GET / HTTP/1.3" 180 "https://nasha-set.ru" "Mozilla/5.0 (Linux; Android 12; RMX3081 Build/SKQ1.210216.001; wv) AppleWebKit/537.36 (KHTML, like Gecko) Version/4.0 Chrome/102.0.5005.78 Mobile Safari/537.36" "-"
27.62.137.114 - - [17/Jul/2025:16:17:52 +0300 - 0.000] 502 "GET / HTTP/1.3" 1135 "https://nasha-set.ru" "Mozilla/5.0 (Android 7.1.2; Mobile; rv:101.0) Gecko/101.0 Firefox/101.0" "-"
154.9.248.142 - - [17/Jul/2025:16:17:52 +0300 - 0.000] 502 "GET / HTTP/1.3" 1135 "https://nasha-set.ru" "Mozilla/5.0 (Wayland like X11; Fedora 36; Linux x86_64; rv:101.0) Gecko/20100101 Firefox/101.0" "-"
43.208.241.71 - - [17/Jul/2025:16:17:52 +0300 - -] 403 "GET /?zJB5=sq9q HTTP/1.3" 118 "https://nasha-set.ru" "Mozilla/5.0 (Windows NT 10.0; Win64; x64) AppleWebKit/537.36 (KHTML, like Gecko)" "-"
156.234.180.125 - - [17/Jul/2025:16:17:52 +0300 - -] 403 "GET /?1eMO=42DE HTTP/1.3" 180 "https://nasha-set.ru" "Mozilla/5.0 (Windows NT 10.0; Win64; x64) AppleWebKit/537.36 (KHTML, like Gecko) Chrome/94.0.4606.81 Safari/537.36 OPR/80.0.4170.86" "-"
103.220.23.107 - - [17/Jul/2025:16:17:50 +0300 - 0.000] 502 "GET / HTTP/2.0" 1135 "https://nasha-set.ru" "Mozilla/5.0 (Windows NT 10.0; Win64; x64) AppleWebKit/537.36 (KHTML, like Gecko) Chrome/98.0.4758.102 Safari/537.36 Edg/98.0.1108.62" "103.220.23.107"
103.220.23.107 - - [17/Jul/2025:16:17:50 +0300 - 0.000] 502 "GET / HTTP/2.0" 1135 "https://nasha-set.ru" "Mozilla/5.0 (Windows NT 10.0; Win64; x64) AppleWebKit/537.36 (KHTML, like Gecko) Chrome/98.0.4758.102 Safari/537.36 Edg/98.0.1108.62" "103.220.23.107"
46.105.50.180 - - [17/Jul/2025:16:17:52 +0300 - 0.000] 502 "GET / HTTP/1.3" 1135 "https://nasha-set.ru" "Mozilla/5.0 (Windows NT 6.1; WOW64) AppleWebKit/537.36 (KHTML, like Gecko) Chrome/65.0.3325.181 Safari/537.36 OPR/52.0.2871.64 (Edition FCR)" "-"
156.234.180.77 - - [17/Jul/2025:16:17:52 +0300 - -] 403 "GET /?y154=fqQs HTTP/1.3" 180 "https://nasha-set.ru" "Mozilla/5.0 (Windows NT 10.0; Win64; x64) AppleWebKit/537.36 (KHTML, like Gecko) Chrome/101.0.4951.26 Safari/537.36 Edg/101.0.1210.14" "-"
46.105.50.180 - - [17/Jul/2025:16:17:52 +0300 - 0.000] 502 "GET / HTTP/1.3" 1135 "https://nasha-set.ru" "Mozilla/5.0 (Windows NT 10.0; Win64; x64) AppleWebKit/537.36 (KHTML, like Gecko) Chrome/102.0.5005.63 Safari/537.36 Edg/102.0.1245.33" "-"
156.234.180.77 - - [17/Jul/2025:16:17:52 +0300 - -] 403 "GET /?4hP3=SDtT HTTP/1.3" 180 "https://nasha-set.ru" "Mozilla/5.0 (Windows NT 10.0; Win64; x64) AppleWebKit/537.36 (KHTML, like Gecko) Chrome/94.0.4606.81 Safari/537.36 OPR/80.0.4170.86" "-"
193.124.92.4 - - [17/Jul/2025:16:17:51 +0300 - 0.000] 502 "GET / HTTP/1.3" 1135 "https://nasha-set.ru" "Opera/9.50 (X11; Linux x86_64; sl-SI) Presto/2.11.299 Version/10.00" "-"
156.234.180.78 - - [17/Jul/2025:16:17:51 +0300 - -] 403 "GET / HTTP/1.3" 118 "https://nasha-set.ru" "Mozilla/5.0 (X11; U; Linux x86_64; en-GB; rv:100.0) Gecko/20071101 Firefox/100.0" "-"
46.105.50.180 - - [17/Jul/2025:16:17:52 +0300 - 0.000] 502 "GET / HTTP/1.3" 1135 "https://nasha-set.ru" "Mozilla/5.0 (Linux; Android 12; SM-A515F Build/SP1A.210812.016; wv) AppleWebKit/537.36 (KHTML, like Gecko) Version/4.0 Chrome/102.0.5005.78 Mobile Safari/537.36" "-"
156.234.180.77 - - [17/Jul/2025:16:17:52 +0300 - -] 403 "GET /?6Bha=kifi HTTP/1.3" 180 "https://nasha-set.ru" "Mozilla/5.0 (Windows NT 10.0) AppleWebKit/537.36 (KHTML, like Gecko) Chrome/101.0.4951.67 Safari/537.36" "-"
106.198.28.67 - - [17/Jul/2025:16:17:50 +0300 - 0.000] 502 "GET / HTTP/2.0" 1135 "https://nasha-set.ru" "Mozilla/5.0 (Windows NT 10.0; Win64; x64) AppleWebKit/537.36 (KHTML, like Gecko) Chrome/98.0.4758.102 Safari/537.36 Edg/98.0.1108.62" "14.143.222.113"
46.105.50.180 - - [17/Jul/2025:16:17:52 +0300 - 0.000] 502 "GET / HTTP/1.3" 1135 "https://nasha-set.ru" "Mozilla/5.0 (Windows NT 6.1) AppleWebKit/537.36 (KHTML, like Gecko) Chrome/62.0.3202.62 Safari/537.36 OPR/49.0.2725.34 (Edition Campaign 34)" "-"
156.234.180.77 - - [17/Jul/2025:16:17:52 +0300 - -] 403 "GET /?GQur=fug7 HTTP/1.3" 180 "https://nasha-set.ru" "Mozilla/5.0 (Windows NT 10.0; Win64; x64) AppleWebKit/537.36 (KHTML, like Gecko) Chrome/100.0.4896.88 Safari/537.36" "-"
